Component: ARM Compiler 6.15 Tool: armlink [5dd79300]

==============================================================================

Section Cross References

    startup_stm32f407xx.o(RESET) refers to startup_stm32f407xx.o(STACK) for __initial_sp
    startup_stm32f407xx.o(RESET) refers to startup_stm32f407xx.o(.text) for Reset_Handler
    startup_stm32f407xx.o(RESET) refers to stm32f4xx_it.o(.text.NMI_Handler) for NMI_Handler
    startup_stm32f407xx.o(RESET) refers to stm32f4xx_it.o(.text.HardFault_Handler) for HardFault_Handler
    startup_stm32f407xx.o(RESET) refers to stm32f4xx_it.o(.text.MemManage_Handler) for MemManage_Handler
    startup_stm32f407xx.o(RESET) refers to stm32f4xx_it.o(.text.BusFault_Handler) for BusFault_Handler
    startup_stm32f407xx.o(RESET) refers to stm32f4xx_it.o(.text.UsageFault_Handler) for UsageFault_Handler
    startup_stm32f407xx.o(RESET) refers to port.o(.text.SVC_Handler) for SVC_Handler
    startup_stm32f407xx.o(RESET) refers to stm32f4xx_it.o(.text.DebugMon_Handler) for DebugMon_Handler
    startup_stm32f407xx.o(RESET) refers to port.o(.text.PendSV_Handler) for PendSV_Handler
    startup_stm32f407xx.o(RESET) refers to port.o(.text.SysTick_Handler) for SysTick_Handler
    startup_stm32f407xx.o(RESET) refers to stm32f4xx_it.o(.text.DMA1_Stream0_IRQHandler) for DMA1_Stream0_IRQHandler
    startup_stm32f407xx.o(RESET) refers to stm32f4xx_it.o(.text.DMA1_Stream2_IRQHandler) for DMA1_Stream2_IRQHandler
    startup_stm32f407xx.o(RESET) refers to stm32f4xx_it.o(.text.DMA1_Stream4_IRQHandler) for DMA1_Stream4_IRQHandler
    startup_stm32f407xx.o(RESET) refers to stm32f4xx_it.o(.text.DMA1_Stream5_IRQHandler) for DMA1_Stream5_IRQHandler
    startup_stm32f407xx.o(RESET) refers to stm32f4xx_it.o(.text.CAN1_RX0_IRQHandler) for CAN1_RX0_IRQHandler
    startup_stm32f407xx.o(RESET) refers to stm32f4xx_it.o(.text.TIM4_IRQHandler) for TIM4_IRQHandler
    startup_stm32f407xx.o(RESET) refers to stm32f4xx_it.o(.text.USART2_IRQHandler) for USART2_IRQHandler
    startup_stm32f407xx.o(RESET) refers to stm32f4xx_it.o(.text.UART4_IRQHandler) for UART4_IRQHandler
    startup_stm32f407xx.o(RESET) refers to remote_control.o(.text.UART5_IRQHandler) for UART5_IRQHandler
    startup_stm32f407xx.o(RESET) refers to stm32f4xx_it.o(.text.TIM6_DAC_IRQHandler) for TIM6_DAC_IRQHandler
    startup_stm32f407xx.o(RESET) refers to stm32f4xx_it.o(.text.TIM7_IRQHandler) for TIM7_IRQHandler
    startup_stm32f407xx.o(RESET) refers to stm32f4xx_it.o(.text.DMA2_Stream1_IRQHandler) for DMA2_Stream1_IRQHandler
    startup_stm32f407xx.o(RESET) refers to stm32f4xx_it.o(.text.CAN2_RX1_IRQHandler) for CAN2_RX1_IRQHandler
    startup_stm32f407xx.o(RESET) refers to stm32f4xx_it.o(.text.DMA2_Stream6_IRQHandler) for DMA2_Stream6_IRQHandler
    startup_stm32f407xx.o(RESET) refers to referee_usart_task.o(.text.USART6_IRQHandler) for USART6_IRQHandler
    startup_stm32f407xx.o(.text) refers to system_stm32f4xx.o(.text.SystemInit) for SystemInit
    startup_stm32f407xx.o(.text) refers to entry.o(.ARM.Collect$$$$00000000) for __main
    main.o(.text.main) refers to stm32f4xx_hal.o(.text.HAL_Init) for HAL_Init
    main.o(.text.main) refers to main.o(.text.SystemClock_Config) for SystemClock_Config
    main.o(.text.main) refers to stm32f4xx_hal.o(.text.HAL_Delay) for HAL_Delay
    main.o(.text.main) refers to gpio.o(.text.MX_GPIO_Init) for MX_GPIO_Init
    main.o(.text.main) refers to dma.o(.text.MX_DMA_Init) for MX_DMA_Init
    main.o(.text.main) refers to can.o(.text.MX_CAN1_Init) for MX_CAN1_Init
    main.o(.text.main) refers to can.o(.text.MX_CAN2_Init) for MX_CAN2_Init
    main.o(.text.main) refers to usart.o(.text.MX_UART4_Init) for MX_UART4_Init
    main.o(.text.main) refers to usart.o(.text.MX_UART5_Init) for MX_UART5_Init
    main.o(.text.main) refers to usart.o(.text.MX_USART1_UART_Init) for MX_USART1_UART_Init
    main.o(.text.main) refers to usart.o(.text.MX_USART6_UART_Init) for MX_USART6_UART_Init
    main.o(.text.main) refers to usart.o(.text.MX_USART2_UART_Init) for MX_USART2_UART_Init
    main.o(.text.main) refers to tim.o(.text.MX_TIM4_Init) for MX_TIM4_Init
    main.o(.text.main) refers to tim.o(.text.MX_TIM6_Init) for MX_TIM6_Init
    main.o(.text.main) refers to bsp_can.o(.text.can_filter_init) for can_filter_init
    main.o(.text.main) refers to remote_control.o(.text.remote_control_init) for remote_control_init
    main.o(.text.main) refers to calibrate_task.o(.text.cali_param_init) for cali_param_init
    main.o(.text.main) refers to bsp_can.o(.text.get_yaw_gimbal_motor_measure_point) for get_yaw_gimbal_motor_measure_point
    main.o(.text.main) refers to main.o(.bss.yaw) for yaw
    main.o(.text.main) refers to tim.o(.bss.htim6) for htim6
    main.o(.text.main) refers to stm32f4xx_hal_tim.o(.text.HAL_TIM_Base_Start_IT) for HAL_TIM_Base_Start_IT
    main.o(.text.main) refers to tim.o(.bss.htim4) for htim4
    main.o(.text.main) refers to usart.o(.bss.huart4) for huart4
[...]
    hdma_usart6_rx                           0x20000d90   Data          96  usart.o(.bss.hdma_usart6_rx)
    hdma_usart6_tx                           0x20000df0   Data          96  usart.o(.bss.hdma_usart6_tx)
    heat_temp                                0x20000e50   Data           2  shoot_task.o(.bss.heat_temp)
    hgraInfo                                 0x20000e52   Data           6  cms_interface.o(.bss.hgraInfo)
    htim4                                    0x20000e58   Data          64  tim.o(.bss.htim4)
    htim6                                    0x20000e98   Data          64  tim.o(.bss.htim6)
    htim7                                    0x20000ed8   Data          64  stm32f4xx_hal_timebase_tim.o(.bss.htim7)
    huart1                                   0x20000f18   Data          64  usart.o(.bss.huart1)
    huart2                                   0x20000f58   Data          64  usart.o(.bss.huart2)
    huart4                                   0x20000f98   Data          64  usart.o(.bss.huart4)
    huart5                                   0x20000fd8   Data          64  usart.o(.bss.huart5)
    huart6                                   0x20001018   Data          64  usart.o(.bss.huart6)
    idelHandle                               0x20001058   Data           4  freertos.o(.bss.idelHandle)
    imuHandle                                0x2000105c   Data           4  freertos.o(.bss.imuHandle)
    judgeHandle                              0x20001060   Data           4  freertos.o(.bss.judgeHandle)
    p                                        0x20001064   Data           4  bsp_can.o(.bss.p)
    pidHandle                                0x20001068   Data           4  freertos.o(.bss.pidHandle)
    power_heat_data_t                        0x2000106c   Data          16  referee.o(.bss.power_heat_data_t)
    pxCurrentTCB                             0x20001170   Data           4  tasks.o(.bss.pxCurrentTCB)
    rc_ctrl                                  0x20001214   Data          22  remote_control.o(.bss.rc_ctrl)
    referee_fifo                             0x2000122c   Data          24  referee_usart_task.o(.bss.referee_fifo)
    referee_fifo_buf                         0x20001244   Data        1024  referee_usart_task.o(.bss.referee_fifo_buf)
    referee_receive_header                   0x20001644   Data           5  referee.o(.bss.referee_receive_header)
    referee_send_header                      0x20001649   Data           5  referee.o(.bss.referee_send_header)
    referee_unpack_obj                       0x2000164e   Data         137  referee_usart_task.o(.bss.referee_unpack_obj)
    referee_warning_t                        0x200016d8   Data           2  referee.o(.bss.referee_warning_t)
    remain_current                           0x200016dc   Data           4  chassis_power_control.o(.bss.remain_current)
    rfid_status_t                            0x200016e0   Data           4  referee.o(.bss.rfid_status_t)
    robot_energy_t                           0x200016e4   Data           2  referee.o(.bss.robot_energy_t)
    robot_hurt_t                             0x200016e6   Data           1  referee.o(.bss.robot_hurt_t)
    robot_state                              0x200016e8   Data          27  referee.o(.bss.robot_state)
    rtuMaster                                0x20001704   Data          56  cms_interface.o(.bss.rtuMaster)
    rtuSlave                                 0x2000173c   Data          20  cms_interface.o(.bss.rtuSlave)
    shootHandle                              0x20001798   Data           4  freertos.o(.bss.shootHandle)
    shoot_control                            0x2000179c   Data         388  shoot_task.o(.bss.shoot_control)
    shoot_data_t                             0x20001920   Data           7  referee.o(.bss.shoot_data_t)
    shoot_stop_time                          0x20001928   Data           2  shoot_task.o(.bss.shoot_stop_time)
    stcAngle                                 0x20001930   Data           8  bsp_can.o(.bss.stcAngle)
    stcGyro                                  0x20001938   Data           8  bsp_can.o(.bss.stcGyro)
    stop_time                                0x20001940   Data           4  cms_interface.o(.bss.stop_time)
    student_interactive_data_t               0x20001944   Data          12  referee.o(.bss.student_interactive_data_t)
    supply_projectile_action_t               0x20001950   Data           4  referee.o(.bss.supply_projectile_action_t)
    supply_projectile_booking_t              0x20001954   Data           3  referee.o(.bss.supply_projectile_booking_t)
    test                                     0x20001957   Data          10  bsp_can.o(.bss.test)
    testPoint                                0x20001964   Data           4  mbrtumaster.o(.bss.testPoint)
    ulHighFrequencyTimerTicks                0x2000556c   Data           4  main.o(.bss.ulHighFrequencyTimerTicks)
    usart6_buf                               0x20005578   Data        1024  referee_usart_task.o(.bss.usart6_buf)
    uwTick                                   0x20005978   Data           4  stm32f4xx_hal.o(.bss.uwTick)
    xQueueRegistry                           0x20005c70   Data          64  queue.o(.bss.xQueueRegistry)
    y                                        0x20006154   Data           4  bsp_can.o(.bss.y)
    yaw                                      0x20006158   Data           4  main.o(.bss.yaw)
    __initial_sp                             0x20006560   Data           0  startup_stm32f407xx.o(STACK)



==============================================================================

Memory Map of the image

  Image Entry point : 0x08000189

  Load Region LR_IROM1 (Base: 0x08000000, Size: 0x0000ad00, Max: 0x00080000, ABSOLUTE)

    Execution Region ER_IROM1 (Exec base: 0x08000000, Load base: 0x08000000, Size: 0x0000ac78, Max: 0x00080000, ABSOLUTE)

    Exec Addr    Load Addr    Size         Type   Attr      Idx    E Section Name        Object

    0x08000000   0x08000000   0x00000188   Data   RO            3    RESET               startup_stm32f407xx.o
    0x08000188   0x08000188   0x00000000   Code   RO         3015  * .ARM.Collect$$$$00000000  mc_w.l(entry.o)
    0x08000188   0x08000188   0x00000004   Code   RO         3356    .ARM.Collect$$$$00000001  mc_w.l(entry2.o)
    0x0800018c   0x0800018c   0x00000004   Code   RO         3359    .ARM.Collect$$$$00000004  mc_w.l(entry5.o)
    0x08000190   0x08000190   0x00000000   Code   RO         3361    .ARM.Collect$$$$00000008  mc_w.l(entry7b.o)
    0x08000190   0x08000190   0x00000000   Code   RO         3363    .ARM.Collect$$$$0000000A  mc_w.l(entry8b.o)
    0x08000190   0x08000190   0x00000008   Code   RO         3364    .ARM.Collect$$$$0000000B  mc_w.l(entry9a.o)
    0x08000198   0x08000198   0x00000000   Code   RO         3366    .ARM.Collect$$$$0000000D  mc_w.l(entry10a.o)
    0x08000198   0x08000198   0x00000000   Code   RO         3368    .ARM.Collect$$$$0000000F  mc_w.l(entry11a.o)
    0x08000198   0x08000198   0x00000004   Code   RO         3357    .ARM.Collect$$$$00002712  mc_w.l(entry2.o)
    0x0800019c   0x0800019c   0x00000024   Code   RO            4    .text               startup_stm32f407xx.o
    0x080001c0   0x080001c0   0x00000062   Code   RO         3022    .text               mc_w.l(uldiv.o)
    0x08000222   0x08000222   0x00000024   Code   RO         3024    .text               mc_w.l(memcpya.o)
    0x08000246   0x08000246   0x00000024   Code   RO         3026    .text               mc_w.l(memseta.o)
    0x0800026a   0x0800026a   0x0000014e   Code   RO         3323    .text               mf_w.l(dadd.o)
    0x080003b8   0x080003b8   0x000000e4   Code   RO         3325    .text               mf_w.l(dmul.o)
    0x0800049c   0x0800049c   0x00000036   Code   RO         3327    .text               mf_w.l(dcmple.o)
    0x080004d2   0x080004d2   0x00000036   Code   RO         3329    .text               mf_w.l(dcmpge.o)
    0x08000508   0x08000508   0x00000022   Code   RO         3331    .text               mf_w.l(dflti.o)
    0x0800052a   0x0800052a   0x00000026   Code   RO         3333    .text               mf_w.l(f2d.o)
    0x08000550   0x08000550   0x00000038   Code   RO         3335    .text               mf_w.l(d2f.o)
    0x08000588   0x08000588   0x0000002c   Code   RO         3380    .text               mc_w.l(uidiv.o)
    0x080005b4   0x080005b4   0x0000001e   Code   RO         3382    .text               mc_w.l(llshl.o)
    0x080005d2   0x080005d2   0x00000020   Code   RO         3384    .text               mc_w.l(llushr.o)
    0x080005f2   0x080005f2   0x00000024   Code   RO         3386    .text               mc_w.l(llsshr.o)
    0x08000616   0x08000616   0x00000000   Code   RO         3397    .text               mc_w.l(iusefp.o)
    0x08000616   0x08000616   0x0000006e   Code   RO         3398    .text               mf_w.l(fepilogue.o)
    0x08000684   0x08000684   0x000000ba   Code   RO         3400    .text               mf_w.l(depilogue.o)
    0x0800073e   0x0800073e   0x00000002   PAD
    0x08000740   0x08000740   0x00000024   Code   RO         3408    .text               mc_w.l(init.o)
    0x08000764   0x08000764   0x00000218   Code   RO         2015    .text.APP_BatteryCombineBuckBoost2  cms_interface.o
    0x0800097c   0x0800097c   0x00000002   Code   RO          185    .text.BusFault_Handler  stm32f4xx_it.o
    0x0800097e   0x0800097e   0x00000002   PAD
    0x08000980   0x08000980   0x00000010   Code   RO          199    .text.CAN1_RX0_IRQHandler  stm32f4xx_it.o
    0x08000990   0x08000990   0x00000068   Code   RO         2134    .text.CAN1_cmd_gimbal  bsp_can.o
    0x080009f8   0x080009f8   0x00000010   Code   RO          213    .text.CAN2_RX1_IRQHandler  stm32f4xx_it.o
    0x08000a08   0x08000a08   0x00000068   Code   RO         2138    .text.CAN_cmd_chassis  bsp_can.o
    0x08000a70   0x08000a70   0x00000068   Code   RO         2132    .text.CAN_cmd_gimbal  bsp_can.o
    0x08000ad8   0x08000ad8   0x0000005a   Code   RO         2381    .text.CMS_routin_choose  chassis_task.o
    0x08000b32   0x08000b32   0x00000002   PAD
    0x08000b34   0x08000b34   0x00000014   Code   RO         2832    .text.CheckFunctionCode  mbpdu.o
    0x08000b48   0x08000b48   0x0000004c   Code   RO         2876    .text.CheckMessageAgreeWithCommand  mbrtumaster.o
    0x08000b94   0x08000b94   0x0000000e   Code   RO         2848    .text.CheckRTUMessageIntegrity  mbrtu.o
    0x08000ba2   0x08000ba2   0x00000002   PAD
    0x08000ba4   0x08000ba4   0x00000066   Code   RO         2824    .text.ConvertBoolArrayToMBByteArray  mbpdu.o
    0x08000c0a   0x08000c0a   0x00000002   PAD
    0x08000c0c   0x08000c0c   0x0000002e   Code   RO         2826    .text.ConvertRegisterArrayToMBByteArray  mbpdu.o
    0x08000c3a   0x08000c3a   0x00000002   PAD
    0x08000c3c   0x08000c3c   0x0000007e   Code   RO         2872    .text.CreateAccessSlaveCommand  mbrtumaster.o
    0x08000cba   0x08000cba   0x00000002   PAD
    0x08000cbc   0x08000cbc   0x00000010   Code   RO          191    .text.DMA1_Stream0_IRQHandler  stm32f4xx_it.o
    0x08000ccc   0x08000ccc   0x00000010   Code   RO          193    .text.DMA1_Stream2_IRQHandler  stm32f4xx_it.o
    0x08000cdc   0x08000cdc   0x00000010   Code   RO          195    .text.DMA1_Stream4_IRQHandler  stm32f4xx_it.o
    0x08000cec   0x08000cec   0x00000010   Code   RO          197    .text.DMA1_Stream5_IRQHandler  stm32f4xx_it.o
    0x08000cfc   0x08000cfc   0x00000010   Code   RO          211    .text.DMA2_Stream1_IRQHandler  stm32f4xx_it.o
    0x08000d0c   0x08000d0c   0x00000010   Code   RO          215    .text.DMA2_Stream6_IRQHandler  stm32f4xx_it.o
    0x08000d1c   0x08000d1c   0x0000003c   Code   RO          512    .text.DMA_CalcBaseAndBitshift  stm32f4xx_hal_dma.o
    0x08000d58   0x08000d58   0x00000050   Code   RO          510    .text.DMA_CheckFifoParam  stm32f4xx_hal_dma.o
    0x08000da8   0x08000da8   0x00000030   Code   RO          518    .text.DMA_SetConfig  stm32f4xx_hal_dma.o
    0x08000dd8   0x08000dd8   0x00000002   Code   RO          189    .text.DebugMon_Handler  stm32f4xx_it.o
    0x08000dda   0x08000dda   0x00000002   PAD
    0x08000ddc   0x08000ddc   0x0000000a   Code   RO           15    .text.Error_Handler  main.o
    0x08000de6   0x08000de6   0x00000002   PAD
    0x08000de8   0x08000de8   0x00000034   Code   RO         2878    .text.FindCommandForRecievedMessage  mbrtumaster.o
    0x08000e1c   0x08000e1c   0x00000070   Code   RO         2078    .text.Float_Draw    rm_cilent_ui.o
    0x08000e8c   0x08000e8c   0x00000046   Code   RO         2846    .text.GenerateCRC16CheckCode  mbrtu.o
    0x08000ed2   0x08000ed2   0x00000002   PAD
    0x08000ed4   0x08000ed4   0x00000106   Code   RO         2822    .text.GenerateReadWriteCommand  mbpdu.o
    0x08000fda   0x08000fda   0x00000002   PAD
    0x08000fdc   0x08000fdc   0x00000034   Code   RO         2068    .text.Get_CRC16_Check_Sum_UI  rm_cilent_ui.o
    0x08001010   0x08001010   0x00000020   Code   RO         2066    .text.Get_CRC8_Check_Sum_UI  rm_cilent_ui.o
    0x08001030   0x08001030   0x00000026   Code   RO          282    .text.HAL_CAN_ActivateNotification  stm32f4xx_hal_can.o
    0x08001056   0x08001056   0x00000002   PAD
    0x08001058   0x08001058   0x000000a4   Code   RO          268    .text.HAL_CAN_AddTxMessage  stm32f4xx_hal_can.o
    0x080010fc   0x080010fc   0x000000de   Code   RO          258    .text.HAL_CAN_ConfigFilter  stm32f4xx_hal_can.o
    0x080011da   0x080011da   0x00000002   PAD
    0x080011dc   0x080011dc   0x00000002   Code   RO          312    .text.HAL_CAN_ErrorCallback  stm32f4xx_hal_can.o
    0x080011de   0x080011de   0x00000002   PAD
    0x080011e0   0x080011e0   0x0000011c   Code   RO          278    .text.HAL_CAN_GetRxMessage  stm32f4xx_hal_can.o
    0x080012fc   0x080012fc   0x0000023a   Code   RO          286    .text.HAL_CAN_IRQHandler  stm32f4xx_hal_can.o
    0x08001536   0x08001536   0x00000002   PAD
    0x08001538   0x08001538   0x000000f4   Code   RO          248    .text.HAL_CAN_Init  stm32f4xx_hal_can.o
    0x0800162c   0x0800162c   0x00000120   Code   RO          101    .text.HAL_CAN_MspInit  can.o
    0x0800174c   0x0800174c   0x00000002   Code   RO          300    .text.HAL_CAN_RxFifo0FullCallback  stm32f4xx_hal_can.o
    0x0800174e   0x0800174e   0x00000002   PAD
    0x08001750   0x08001750   0x00000064   Code   RO         2128    .text.HAL_CAN_RxFifo0MsgPendingCallback  bsp_can.o
    0x080017b4   0x080017b4   0x00000002   Code   RO          304    .text.HAL_CAN_RxFifo1FullCallback  stm32f4xx_hal_can.o
    0x080017b6   0x080017b6   0x00000002   PAD
    0x080017b8   0x080017b8   0x0000011e   Code   RO         2130    .text.HAL_CAN_RxFifo1MsgPendingCallback  bsp_can.o
    0x080018d6   0x080018d6   0x00000002   PAD
    0x080018d8   0x080018d8   0x00000002   Code   RO          308    .text.HAL_CAN_SleepCallback  stm32f4xx_hal_can.o
    0x080018da   0x080018da   0x00000002   PAD
    0x080018dc   0x080018dc   0x0000005a   Code   RO          260    .text.HAL_CAN_Start  stm32f4xx_hal_can.o
    0x08001936   0x08001936   0x00000002   PAD
    0x08001938   0x08001938   0x00000002   Code   RO          290    .text.HAL_CAN_TxMailbox0AbortCallback  stm32f4xx_hal_can.o
    0x0800193a   0x0800193a   0x00000002   PAD
    0x0800193c   0x0800193c   0x00000002   Code   RO          288    .text.HAL_CAN_TxMailbox0CompleteCallback  stm32f4xx_hal_can.o
    0x0800193e   0x0800193e   0x00000002   PAD
    0x08001940   0x08001940   0x00000002   Code   RO          294    .text.HAL_CAN_TxMailbox1AbortCallback  stm32f4xx_hal_can.o
    0x08001942   0x08001942   0x00000002   PAD
    0x08001944   0x08001944   0x00000002   Code   RO          292    .text.HAL_CAN_TxMailbox1CompleteCallback  stm32f4xx_hal_can.o
    0x08001946   0x08001946   0x00000002   PAD
    0x08001948   0x08001948   0x00000002   Code   RO          298    .text.HAL_CAN_TxMailbox2AbortCallback  stm32f4xx_hal_can.o
    0x0800194a   0x0800194a   0x00000002   PAD
    0x0800194c   0x0800194c   0x00000002   Code   RO          296    .text.HAL_CAN_TxMailbox2CompleteCallback  stm32f4xx_hal_can.o
    0x0800194e   0x0800194e   0x00000002   PAD
    0x08001950   0x08001950   0x00000002   Code   RO          310    .text.HAL_CAN_WakeUpFromRxMsgCallback  stm32f4xx_hal_can.o
    0x08001952   0x08001952   0x00000002   PAD
    0x08001954   0x08001954   0x0000008a   Code   RO          522    .text.HAL_DMA_Abort  stm32f4xx_hal_dma.o
    0x080019de   0x080019de   0x00000002   PAD
    0x080019e0   0x080019e0   0x00000024   Code   RO          524    .text.HAL_DMA_Abort_IT  stm32f4xx_hal_dma.o
    0x08001a04   0x08001a04   0x00000004   Code   RO          536    .text.HAL_DMA_GetError  stm32f4xx_hal_dma.o
    0x08001a08   0x08001a08   0x0000018c   Code   RO          528    .text.HAL_DMA_IRQHandler  stm32f4xx_hal_dma.o
    0x08001b94   0x08001b94   0x000000ce   Code   RO          508    .text.HAL_DMA_Init  stm32f4xx_hal_dma.o
    0x08001c62   0x08001c62   0x00000002   PAD
    0x08001c64   0x08001c64   0x00000062   Code   RO          520    .text.HAL_DMA_Start_IT  stm32f4xx_hal_dma.o
    0x08001cc6   0x08001cc6   0x00000002   PAD
    0x08001cc8   0x08001cc8   0x00000028   Code   RO          700    .text.HAL_Delay     stm32f4xx_hal.o
    0x08001cf0   0x08001cf0   0x0000019c   Code   RO          468    .text.HAL_GPIO_Init  stm32f4xx_hal_gpio.o
    0x08001e8c   0x08001e8c   0x0000000e   Code   RO          476    .text.HAL_GPIO_TogglePin  stm32f4xx_hal_gpio.o
    0x08001e9a   0x08001e9a   0x00000002   PAD
    0x08001e9c   0x08001e9c   0x0000000a   Code   RO          474    .text.HAL_GPIO_WritePin  stm32f4xx_hal_gpio.o
    0x08001ea6   0x08001ea6   0x00000002   PAD
    0x08001ea8   0x08001ea8   0x0000000c   Code   RO          692    .text.HAL_GetTick   stm32f4xx_hal.o
    0x08001eb4   0x08001eb4   0x0000001a   Code   RO          690    .text.HAL_IncTick   stm32f4xx_hal.o
    0x08001ece   0x08001ece   0x00000002   PAD
    0x08001ed0   0x08001ed0   0x00000036   Code   RO          680    .text.HAL_Init      stm32f4xx_hal.o
    0x08001f06   0x08001f06   0x00000002   PAD
    0x08001f08   0x08001f08   0x0000008e   Code   RO          233    .text.HAL_InitTick  stm32f4xx_hal_timebase_tim.o
    0x08001f96   0x08001f96   0x00000002   PAD
    0x08001f98   0x08001f98   0x00000046   Code   RO          224    .text.HAL_MspInit   stm32f4xx_hal_msp.o
    0x08001fde   0x08001fde   0x00000002   PAD
    0x08001fe0   0x08001fe0   0x00000008   Code   RO          620    .text.HAL_NVIC_EnableIRQ  stm32f4xx_hal_cortex.o
    0x08001fe8   0x08001fe8   0x0000001e   Code   RO          612    .text.HAL_NVIC_SetPriority  stm32f4xx_hal_cortex.o
    0x08002006   0x08002006   0x00000002   PAD
    0x08002008   0x08002008   0x00000008   Code   RO          608    .text.HAL_NVIC_SetPriorityGrouping  stm32f4xx_hal_cortex.o
    0x08002010   0x08002010   0x00000160   Code   RO          332    .text.HAL_RCC_ClockConfig  stm32f4xx_hal_rcc.o
    0x08002170   0x08002170   0x0000003e   Code   RO          350    .text.HAL_RCC_GetClockConfig  stm32f4xx_hal_rcc.o
    0x080021ae   0x080021ae   0x00000002   PAD
    0x080021b0   0x080021b0   0x0000000c   Code   RO          342    .text.HAL_RCC_GetHCLKFreq  stm32f4xx_hal_rcc.o
    0x080021bc   0x080021bc   0x00000022   Code   RO          344    .text.HAL_RCC_GetPCLK1Freq  stm32f4xx_hal_rcc.o
    0x080021de   0x080021de   0x00000002   PAD
    0x080021e0   0x080021e0   0x00000022   Code   RO          346    .text.HAL_RCC_GetPCLK2Freq  stm32f4xx_hal_rcc.o
    0x08002202   0x08002202   0x00000002   PAD
    0x08002204   0x08002204   0x0000006a   Code   RO          334    .text.HAL_RCC_GetSysClockFreq  stm32f4xx_hal_rcc.o
    0x0800226e   0x0800226e   0x00000002   PAD
    0x08002270   0x08002270   0x00000334   Code   RO          330    .text.HAL_RCC_OscConfig  stm32f4xx_hal_rcc.o
    0x080025a4   0x080025a4   0x00000002   Code   RO         1081    .text.HAL_TIMEx_BreakCallback  stm32f4xx_hal_tim_ex.o
    0x080025a6   0x080025a6   0x00000002   PAD
    0x080025a8   0x080025a8   0x00000002   Code   RO         1077    .text.HAL_TIMEx_CommutCallback  stm32f4xx_hal_tim_ex.o
    0x080025aa   0x080025aa   0x00000002   PAD
    0x080025ac   0x080025ac   0x000000b8   Code   RO         1071    .text.HAL_TIMEx_MasterConfigSynchronization  stm32f4xx_hal_tim_ex.o
    0x08002664   0x08002664   0x00000036   Code   RO          771    .text.HAL_TIM_Base_Init  stm32f4xx_hal_tim.o
    0x0800269a   0x0800269a   0x00000002   PAD
    0x0800269c   0x0800269c   0x00000074   Code   RO          129    .text.HAL_TIM_Base_MspInit  tim.o
    0x08002710   0x08002710   0x00000020   Code   RO          785    .text.HAL_TIM_Base_Start_IT  stm32f4xx_hal_tim.o
    0x08002730   0x08002730   0x000000d0   Code   RO          959    .text.HAL_TIM_ConfigClockSource  stm32f4xx_hal_tim.o
    0x08002800   0x08002800   0x00000002   Code   RO          907    .text.HAL_TIM_IC_CaptureCallback  stm32f4xx_hal_tim.o
    0x08002802   0x08002802   0x00000002   PAD
    0x08002804   0x08002804   0x0000016a   Code   RO          905    .text.HAL_TIM_IRQHandler  stm32f4xx_hal_tim.o
    0x0800296e   0x0800296e   0x00000002   PAD
    0x08002970   0x08002970   0x00000002   Code   RO          909    .text.HAL_TIM_OC_DelayElapsedCallback  stm32f4xx_hal_tim.o
    0x08002972   0x08002972   0x00000002   PAD
    0x08002974   0x08002974   0x00000002   Code   RO          911    .text.HAL_TIM_PWM_PulseFinishedCallback  stm32f4xx_hal_tim.o
    0x08002976   0x08002976   0x00000002   PAD
    0x08002978   0x08002978   0x0000003e   Code   RO           23    .text.HAL_TIM_PeriodElapsedCallback  main.o
    0x080029b6   0x080029b6   0x00000002   PAD
    0x080029b8   0x080029b8   0x00000002   Code   RO          915    .text.HAL_TIM_TriggerCallback  stm32f4xx_hal_tim.o
    0x080029ba   0x080029ba   0x00000002   PAD
    0x080029bc   0x080029bc   0x00000050   Code   RO         1147    .text.HAL_UART_AbortReceive  stm32f4xx_hal_uart.o
    0x08002a0c   0x08002a0c   0x00000002   Code   RO         1175    .text.HAL_UART_ErrorCallback  stm32f4xx_hal_uart.o
    0x08002a0e   0x08002a0e   0x00000002   PAD
    0x08002a10   0x08002a10   0x0000010e   Code   RO         1169    .text.HAL_UART_IRQHandler  stm32f4xx_hal_uart.o
    0x08002b1e   0x08002b1e   0x00000002   PAD
    0x08002b20   0x08002b20   0x0000005e   Code   RO         1093    .text.HAL_UART_Init  stm32f4xx_hal_uart.o
    0x08002b7e   0x08002b7e   0x00000002   PAD
    0x08002b80   0x08002b80   0x0000040c   Code   RO          153    .text.HAL_UART_MspInit  usart.o
    0x08002f8c   0x08002f8c   0x0000009c   Code   RO         1127    .text.HAL_UART_Receive_DMA  stm32f4xx_hal_uart.o
    0x08003028   0x08003028   0x00000002   Code   RO         1185    .text.HAL_UART_RxCpltCallback  stm32f4xx_hal_uart.o
    0x0800302a   0x0800302a   0x00000002   PAD
    0x0800302c   0x0800302c   0x00000002   Code   RO         1187    .text.HAL_UART_RxHalfCpltCallback  stm32f4xx_hal_uart.o
    0x0800302e   0x0800302e   0x00000002   PAD
    0x08003030   0x08003030   0x000000c2   Code   RO         1109    .text.HAL_UART_Transmit  stm32f4xx_hal_uart.o
    0x080030f2   0x080030f2   0x00000002   PAD
    0x080030f4   0x080030f4   0x0000007e   Code   RO         1119    .text.HAL_UART_Transmit_DMA  stm32f4xx_hal_uart.o
    0x08003172   0x08003172   0x00000002   PAD
    0x08003174   0x08003174   0x00000002   Code   RO         1181    .text.HAL_UART_TxCpltCallback  stm32f4xx_hal_uart.o
    0x08003176   0x08003176   0x00000002   PAD
    0x08003178   0x08003178   0x00000002   Code   RO         1183    .text.HAL_UART_TxHalfCpltCallback  stm32f4xx_hal_uart.o
    0x0800317a   0x0800317a   0x00000002   PAD
    0x0800317c   0x0800317c   0x0000002e   Code   RO         2864    .text.HandleReadCoilStatusRespond  mbrtumaster.o
    0x080031aa   0x080031aa   0x00000002   PAD
    0x080031ac   0x080031ac   0x00000030   Code   RO         2868    .text.HandleReadHoldingRegisterRespond  mbrtumaster.o
    0x080031dc   0x080031dc   0x00000030   Code   RO         2870    .text.HandleReadInputRegisterRespond  mbrtumaster.o
    0x0800320c   0x0800320c   0x0000002e   Code   RO         2866    .text.HandleReadInputStatusRespond  mbrtumaster.o
    0x0800323a   0x0800323a   0x00000002   PAD
    0x0800323c   0x0800323c   0x00000002   Code   RO          181    .text.HardFault_Handler  stm32f4xx_it.o
    0x0800323e   0x0800323e   0x00000002   PAD
    0x08003240   0x08003240   0x0000006e   Code   RO         2880    .text.InitializeRTUMasterObject  mbrtumaster.o
    0x080032ae   0x080032ae   0x00000002   PAD
    0x080032b0   0x080032b0   0x00000074   Code   RO         2070    .text.Line_Draw     rm_cilent_ui.o
    0x08003324   0x08003324   0x0000003c   Code   RO           97    .text.MX_CAN1_Init  can.o
    0x08003360   0x08003360   0x0000003c   Code   RO           99    .text.MX_CAN2_Init  can.o
    0x0800339c   0x0800339c   0x0000009a   Code   RO          116    .text.MX_DMA_Init   dma.o
    0x08003436   0x08003436   0x00000002   PAD
    0x08003438   0x08003438   0x0000018e   Code   RO           59    .text.MX_FREERTOS_Init  freertos.o
    0x080035c6   0x080035c6   0x00000002   PAD
    0x080035c8   0x080035c8   0x000000e4   Code   RO           42    .text.MX_GPIO_Init  gpio.o
    0x080036ac   0x080036ac   0x0000007e   Code   RO          125    .text.MX_TIM4_Init  tim.o
    0x0800372a   0x0800372a   0x00000002   PAD
    0x0800372c   0x0800372c   0x00000052   Code   RO          127    .text.MX_TIM6_Init  tim.o
    0x0800377e   0x0800377e   0x00000002   PAD
    0x08003780   0x08003780   0x00000042   Code   RO          143    .text.MX_UART4_Init  usart.o
    0x080037c2   0x080037c2   0x00000002   PAD
    0x080037c4   0x080037c4   0x00000044   Code   RO          145    .text.MX_UART5_Init  usart.o
    0x08003808   0x08003808   0x00000038   Code   RO          147    .text.MX_USART1_UART_Init  usart.o
    0x08003840   0x08003840   0x00000038   Code   RO          149    .text.MX_USART2_UART_Init  usart.o
    0x08003878   0x08003878   0x00000038   Code   RO          151    .text.MX_USART6_UART_Init  usart.o
    0x080038b0   0x080038b0   0x00000002   Code   RO          183    .text.MemManage_Handler  stm32f4xx_it.o
    0x080038b2   0x080038b2   0x00000002   PAD
    0x080038b4   0x080038b4   0x00000002   Code   RO          179    .text.NMI_Handler   stm32f4xx_it.o
    0x080038b6   0x080038b6   0x00000002   PAD
    0x080038b8   0x080038b8   0x0000002c   Code   RO          618    .text.NVIC_EncodePriority  stm32f4xx_hal_cortex.o
    0x080038e4   0x080038e4   0x000000d4   Code   RO         2591    .text.PID_calc      pid.o
    0x080039b8   0x080039b8   0x00000016   Code   RO         2593    .text.PID_clear     pid.o
    0x080039ce   0x080039ce   0x00000002   PAD
    0x080039d0   0x080039d0   0x00000030   Code   RO         2589    .text.PID_init      pid.o
    0x08003a00   0x08003a00   0x000000ee   Code   RO         2874    .text.ParsingSlaveRespondMessage  mbrtumaster.o
    0x08003aee   0x08003aee   0x00000002   PAD
    0x08003af0   0x08003af0   0x00000064   Code   RO         1828    .text.PendSV_Handler  port.o
    0x08003b54   0x08003b54   0x0000008e   Code   RO         2186    .text.RC_Init       bsp_rc.o
    0x08003be2   0x08003be2   0x00000002   PAD
    0x08003be4   0x08003be4   0x00000042   Code   RO         2021    .text.ReadCommand   cms_interface.o
    0x08003c26   0x08003c26   0x0000000a   PAD
    0x08003c30   0x08003c30   0x00000024   Code   RO         1812    .text.SVC_Handler   port.o
    0x08003c54   0x08003c54   0x00000048   Code   RO         2850    .text.SyntheticReadWriteSlaveCommand  mbrtu.o
    0x08003c9c   0x08003c9c   0x0000002e   Code   RO         1830    .text.SysTick_Handler  port.o
    0x08003cca   0x08003cca   0x00000002   PAD
    0x08003ccc   0x08003ccc   0x000000a0   Code   RO           13    .text.SystemClock_Config  main.o
    0x08003d6c   0x08003d6c   0x0000001a   Code   RO         1211    .text.SystemInit    system_stm32f4xx.o
    0x08003d86   0x08003d86   0x00000002   PAD
    0x08003d88   0x08003d88   0x00000010   Code   RO          201    .text.TIM4_IRQHandler  stm32f4xx_it.o
    0x08003d98   0x08003d98   0x00000010   Code   RO          207    .text.TIM6_DAC_IRQHandler  stm32f4xx_it.o
    0x08003da8   0x08003da8   0x00000010   Code   RO          209    .text.TIM7_IRQHandler  stm32f4xx_it.o
    0x08003db8   0x08003db8   0x00000124   Code   RO          775    .text.TIM_Base_SetConfig  stm32f4xx_hal_tim.o
    0x08003edc   0x08003edc   0x00000016   Code   RO          957    .text.TIM_ETR_SetConfig  stm32f4xx_hal_tim.o
    0x08003ef2   0x08003ef2   0x00000002   PAD
    0x08003ef4   0x08003ef4   0x00000010   Code   RO          963    .text.TIM_ITRx_SetConfig  stm32f4xx_hal_tim.o
    0x08003f04   0x08003f04   0x00000022   Code   RO          961    .text.TIM_TI1_ConfigInputStage  stm32f4xx_hal_tim.o
    0x08003f26   0x08003f26   0x00000002   PAD
    0x08003f28   0x08003f28   0x00000024   Code   RO          965    .text.TIM_TI2_ConfigInputStage  stm32f4xx_hal_tim.o
    0x08003f4c   0x08003f4c   0x00000096   Code   RO         2828    .text.TransformClientReceivedData  mbpdu.o
    0x08003fe2   0x08003fe2   0x00000002   PAD
    0x08003fe4   0x08003fe4   0x00000066   Code   RO          205    .text.UART4_IRQHandler  stm32f4xx_it.o
    0x0800404a   0x0800404a   0x00000002   PAD
    0x0800404c   0x0800404c   0x000000c0   Code   RO         1941    .text.UART5_IRQHandler  remote_control.o
    0x0800410c   0x0800410c   0x00000010   Code   RO         1173    .text.UART_DMAAbortOnError  stm32f4xx_hal_uart.o
    0x0800411c   0x0800411c   0x0000004c   Code   RO         1125    .text.UART_DMAError  stm32f4xx_hal_uart.o
    0x08004168   0x08004168   0x00000036   Code   RO         1129    .text.UART_DMAReceiveCplt  stm32f4xx_hal_uart.o
    0x0800419e   0x0800419e   0x00000002   PAD
    0x080041a0   0x080041a0   0x0000000a   Code   RO         1131    .text.UART_DMARxHalfCplt  stm32f4xx_hal_uart.o
    0x080041aa   0x080041aa   0x00000002   PAD
    0x080041ac   0x080041ac   0x0000002a   Code   RO         1121    .text.UART_DMATransmitCplt  stm32f4xx_hal_uart.o
    0x080041d6   0x080041d6   0x00000002   PAD
    0x080041d8   0x080041d8   0x0000000a   Code   RO         1123    .text.UART_DMATxHalfCplt  stm32f4xx_hal_uart.o
    0x080041e2   0x080041e2   0x00000002   PAD
    0x080041e4   0x080041e4   0x0000001a   Code   RO         1141    .text.UART_EndRxTransfer  stm32f4xx_hal_uart.o
    0x080041fe   0x080041fe   0x00000002   PAD
    0x08004200   0x08004200   0x00000018   Code   RO         1179    .text.UART_EndTransmit_IT  stm32f4xx_hal_uart.o
    0x08004218   0x08004218   0x00000012   Code   RO         1139    .text.UART_EndTxTransfer  stm32f4xx_hal_uart.o
    0x0800422a   0x0800422a   0x00000002   PAD
    0x0800422c   0x0800422c   0x0000007e   Code   RO         1171    .text.UART_Receive_IT  stm32f4xx_hal_uart.o
    0x080042aa   0x080042aa   0x00000002   PAD
    0x080042ac   0x080042ac   0x0000016c   Code   RO         1097    .text.UART_SetConfig  stm32f4xx_hal_uart.o
    0x08004418   0x08004418   0x0000005a   Code   RO         1177    .text.UART_Transmit_IT  stm32f4xx_hal_uart.o
    0x08004472   0x08004472   0x00000002   PAD
    0x08004474   0x08004474   0x00000064   Code   RO         1111    .text.UART_WaitOnFlagUntilTimeout  stm32f4xx_hal_uart.o
    0x080044d8   0x080044d8   0x000000e4   Code   RO         2064    .text.UI_Delete     rm_cilent_ui.o
    0x080045bc   0x080045bc   0x00000150   Code   RO         2082    .text.UI_ReFresh    rm_cilent_ui.o
    0x0800470c   0x0800470c   0x00000020   Code   RO         2062    .text.UI_SendByte   rm_cilent_ui.o
    0x0800472c   0x0800472c   0x00000010   Code   RO          203    .text.USART2_IRQHandler  stm32f4xx_it.o
    0x0800473c   0x0800473c   0x0000007e   Code   RO         2242    .text.USART6_IRQHandler  referee_usart_task.o
    0x080047ba   0x080047ba   0x00000002   PAD
    0x080047bc   0x080047bc   0x00000088   Code   RO         2001    .text.USER_CMS_init  cms_interface.o
    0x08004844   0x08004844   0x0000001a   Code   RO         1993    .text.USER_ClosePower  cms_interface.o
    0x0800485e   0x0800485e   0x00000002   PAD
    0x08004860   0x08004860   0x0000001a   Code   RO         1991    .text.USER_OpenPower  cms_interface.o
    0x0800487a   0x0800487a   0x00000002   PAD
    0x0800487c   0x0800487c   0x0000000c   Code   RO         1985    .text.USER_ReadBuckCurrent  cms_interface.o
    0x08004888   0x08004888   0x0000000c   Code   RO         1987    .text.USER_ReadCapVoltage  cms_interface.o
    0x08004894   0x08004894   0x0000000c   Code   RO         1989    .text.USER_ReadCurrentLimt  cms_interface.o
    0x080048a0   0x080048a0   0x0000000c   Code   RO         1983    .text.USER_ReadPowerRoute  cms_interface.o
    0x080048ac   0x080048ac   0x0000000c   Code   RO         1981    .text.USER_ReadPowerState  cms_interface.o
    0x080048b8   0x080048b8   0x00000018   Code   RO         2017    .text.USER_SetLimitCurrent  cms_interface.o
    0x080048d0   0x080048d0   0x00000016   Code   RO         1995    .text.USER_SwitchBattDirec  cms_interface.o
    0x080048e6   0x080048e6   0x00000002   PAD
    0x080048e8   0x080048e8   0x00000016   Code   RO         1997    .text.USER_SwitchBuckBoost  cms_interface.o
    0x080048fe   0x080048fe   0x00000002   PAD
    0x08004900   0x08004900   0x00000016   Code   RO         1999    .text.USER_SwitchSutdown  cms_interface.o
    0x08004916   0x08004916   0x00000002   PAD
    0x08004918   0x08004918   0x00000022   Code   RO         2003    .text.UpdateCoilStatus  cms_interface.o
    0x0800493a   0x0800493a   0x00000002   PAD
    0x0800493c   0x0800493c   0x00000026   Code   RO         2007    .text.UpdateHoldingRegister  cms_interface.o
    0x08004962   0x08004962   0x00000002   PAD
    0x08004964   0x08004964   0x00000026   Code   RO         2009    .text.UpdateInputResgister  cms_interface.o
    0x0800498a   0x0800498a   0x00000002   PAD
    0x0800498c   0x0800498c   0x00000022   Code   RO         2005    .text.UpdateInputStatus  cms_interface.o
    0x080049ae   0x080049ae   0x00000002   PAD
    0x080049b0   0x080049b0   0x00000002   Code   RO          187    .text.UsageFault_Handler  stm32f4xx_it.o
    0x080049b2   0x080049b2   0x00000002   PAD
    0x080049b4   0x080049b4   0x00000040   Code   RO         2031    .text.WriteCommand  cms_interface.o
    0x080049f4   0x080049f4   0x00000020   Code   RO          622    .text.__NVIC_EnableIRQ  stm32f4xx_hal_cortex.o
    0x08004a14   0x08004a14   0x00000010   Code   RO          614    .text.__NVIC_GetPriorityGrouping  stm32f4xx_hal_cortex.o
    0x08004a24   0x08004a24   0x00000022   Code   RO          616    .text.__NVIC_SetPriority  stm32f4xx_hal_cortex.o
    0x08004a46   0x08004a46   0x00000002   PAD
    0x08004a48   0x08004a48   0x00000020   Code   RO          610    .text.__NVIC_SetPriorityGrouping  stm32f4xx_hal_cortex.o
    0x08004a68   0x08004a68   0x00000028   Code   RO         2613    .text.abs_limit     user_lib.o
    0x08004a90   0x08004a90   0x0000015c   Code   RO         2288    .text.calc_gimbal_cali  gimbal_task.o
    0x08004bec   0x08004bec   0x0000005e   Code   RO         2405    .text.cali_data_read  calibrate_task.o
    0x08004c4a   0x08004c4a   0x00000002   PAD
    0x08004c4c   0x08004c4c   0x00000042   Code   RO         2395    .text.cali_gimbal_hook  calibrate_task.o
    0x08004c8e   0x08004c8e   0x00000002   PAD
    0x08004c90   0x08004c90   0x00000050   Code   RO         2403    .text.cali_param_init  calibrate_task.o
    0x08004ce0   0x08004ce0   0x00000064   Code   RO         2140    .text.can_filter_init  bsp_can.o
    0x08004d44   0x08004d44   0x00000056   Code   RO         1847    .text.chassis_behaviour_control_set  chassis_behaviour.o
    0x08004d9a   0x08004d9a   0x00000002   PAD
    0x08004d9c   0x08004d9c   0x0000006e   Code   RO         1845    .text.chassis_behaviour_mode_set  chassis_behaviour.o
    0x08004e0a   0x08004e0a   0x00000002   PAD
    0x08004e0c   0x08004e0c   0x000000fc   Code   RO         2456    .text.chassis_control_loop  pid_task.o
    0x08004f08   0x08004f08   0x0000005c   Code   RO         1855    .text.chassis_engineer_follow_chassis_yaw_control  chassis_behaviour.o
    0x08004f64   0x08004f64   0x00000110   Code   RO         2375    .text.chassis_feedback_update  chassis_task.o
    0x08005074   0x08005074   0x000000dc   Code   RO         1853    .text.chassis_infantry_follow_gimbal_yaw_control  chassis_behaviour.o
    0x08005150   0x08005150   0x00000078   Code   RO         2369    .text.chassis_init  chassis_task.o
    0x080051c8   0x080051c8   0x00000034   Code   RO         2373    .text.chassis_mode_change_control_transit  chassis_task.o
    0x080051fc   0x080051fc   0x00000040   Code   RO         1857    .text.chassis_no_follow_yaw_control  chassis_behaviour.o
    0x0800523c   0x0800523c   0x0000001e   Code   RO         1851    .text.chassis_no_move_control  chassis_behaviour.o
    0x0800525a   0x0800525a   0x00000002   PAD
    0x0800525c   0x0800525c   0x00000064   Code   RO         1859    .text.chassis_open_set_control  chassis_behaviour.o
    0x080052c0   0x080052c0   0x00000248   Code   RO         1873    .text.chassis_power_control  chassis_power_control.o
    0x08005508   0x08005508   0x00000170   Code   RO         2379    .text.chassis_rc_to_control_vector  chassis_task.o
    0x08005678   0x08005678   0x00000138   Code   RO         2377    .text.chassis_set_contorl  chassis_task.o
    0x080057b0   0x080057b0   0x00000010   Code   RO         2371    .text.chassis_set_mode  chassis_task.o
    0x080057c0   0x080057c0   0x00000050   Code   RO         2367    .text.chassis_task  chassis_task.o
    0x08005810   0x08005810   0x00000048   Code   RO         2460    .text.chassis_vector_to_mecanum_wheel_speed  pid_task.o
    0x08005858   0x08005858   0x0000001e   Code   RO         1849    .text.chassis_zero_force_control  chassis_behaviour.o
    0x08005876   0x08005876   0x00000002   PAD
    0x08005878   0x08005878   0x000000ec   Code   RO         2286    .text.cmd_cali_gimbal_hook  gimbal_task.o
    0x08005964   0x08005964   0x0000000e   Code   RO           19    .text.configureTimerForRunTimeStats  main.o
    0x08005972   0x08005972   0x00000002   PAD
    0x08005974   0x08005974   0x000000a0   Code   RO           17    .text.dbug_task     main.o
    0x08005a14   0x08005a14   0x00000064   Code   RO         2349    .text.detect_hook   detect_task.o
    0x08005a78   0x08005a78   0x00000034   Code   RO         2533    .text.fifo_s_get    fifo.o
    0x08005aac   0x08005aac   0x0000001a   Code   RO         2523    .text.fifo_s_init   fifo.o
    0x08005ac6   0x08005ac6   0x00000002   PAD
    0x08005ac8   0x08005ac8   0x0000008e   Code   RO         2529    .text.fifo_s_puts   fifo.o
    0x08005b56   0x08005b56   0x00000002   PAD
    0x08005b58   0x08005b58   0x00000004   Code   RO         2547    .text.fifo_s_used   fifo.o
    0x08005b5c   0x08005b5c   0x00000038   Code   RO         2611    .text.first_order_filter_cali  user_lib.o
    0x08005b94   0x08005b94   0x00000012   Code   RO         2609    .text.first_order_filter_init  user_lib.o
    0x08005ba6   0x08005ba6   0x00000002   PAD
    0x08005ba8   0x08005ba8   0x00000010   Code   RO         2172    .text.flash_read    bsp_flash.o
    0x08005bb8   0x08005bb8   0x00000022   Code   RO         2621    .text.fp32_constrain  user_lib.o
    0x08005bda   0x08005bda   0x00000002   PAD
    0x08005bdc   0x08005bdc   0x00000020   Code   RO          157    .text.fputc         usart.o
    0x08005bfc   0x08005bfc   0x000000c4   Code   RO         2462    .text.fric_pid_calc  pid_task.o
    0x08005cc0   0x08005cc0   0x0000000c   Code   RO           21    .text.getRunTimeCounterValue  main.o
    0x08005ccc   0x08005ccc   0x00000034   Code   RO         2503    .text.get_CRC16_check_sum  crc8_crc16.o
    0x08005d00   0x08005d00   0x00000020   Code   RO         2497    .text.get_CRC8_check_sum  crc8_crc16.o
    0x08005d20   0x08005d20   0x0000000a   Code   RO         2426    .text.get_INS_angle_point  ins_task.o
    0x08005d2a   0x08005d2a   0x00000002   PAD
    0x08005d2c   0x08005d2c   0x00000016   Code   RO         2126    .text.get_chassis_motor_measure_point  bsp_can.o
    0x08005d42   0x08005d42   0x00000002   PAD
    0x08005d44   0x08005d44   0x0000001c   Code   RO         1894    .text.get_chassis_power_and_buffer  referee.o
    0x08005d60   0x08005d60   0x0000000a   Code   RO         2428    .text.get_gyro_data_point  ins_task.o
    0x08005d6a   0x08005d6a   0x00000002   PAD
    0x08005d6c   0x08005d6c   0x0000000c   Code   RO         2120    .text.get_pitch_gimbal_motor_measure_point  bsp_can.o
    0x08005d78   0x08005d78   0x0000000e   Code   RO         2292    .text.get_pitch_motor_point  gimbal_task.o
    0x08005d86   0x08005d86   0x00000002   PAD
    0x08005d88   0x08005d88   0x0000000a   Code   RO         1931    .text.get_remote_control_point  remote_control.o
    0x08005d92   0x08005d92   0x00000002   PAD
    0x08005d94   0x08005d94   0x0000000c   Code   RO         1896    .text.get_robot_id  referee.o
    0x08005da0   0x08005da0   0x00000020   Code   RO         1900    .text.get_shoot_heat1_limit_and_heat1  referee.o
    0x08005dc0   0x08005dc0   0x00000014   Code   RO         2122    .text.get_shoot_motor_measure_point  bsp_can.o
    0x08005dd4   0x08005dd4   0x0000000c   Code   RO         2124    .text.get_trigle_motor_measure_point  bsp_can.o
    0x08005de0   0x08005de0   0x0000000c   Code   RO         2118    .text.get_yaw_gimbal_motor_measure_point  bsp_can.o
    0x08005dec   0x08005dec   0x0000000c   Code   RO         2290    .text.get_yaw_motor_point  gimbal_task.o
    0x08005df8   0x08005df8   0x000000ac   Code   RO         2470    .text.gimbal_PID_calc  pid_task.o
    0x08005ea4   0x08005ea4   0x00000018   Code   RO         2454    .text.gimbal_PID_clear  pid_task.o
    0x08005ebc   0x08005ebc   0x0000001e   Code   RO         2452    .text.gimbal_PID_init  pid_task.o
    0x08005eda   0x08005eda   0x00000002   PAD
    0x08005edc   0x08005edc   0x000000bc   Code   RO         2306    .text.gimbal_absolute_angle_control  gimbal_task.o
    0x08005f98   0x08005f98   0x00000030   Code   RO         2322    .text.gimbal_absolute_angle_limit  gimbal_task.o
    0x08005fc8   0x08005fc8   0x0000002c   Code   RO         2320    .text.gimbal_absolute_angle_limit_follow  gimbal_task.o
    0x08005ff4   0x08005ff4   0x0000005a   Code   RO         2298    .text.gimbal_behaviour_control_set  gimbal_task.o
    0x0800604e   0x0800604e   0x00000002   PAD
    0x08006050   0x08006050   0x00000120   Code   RO         2296    .text.gimbal_behavour_set  gimbal_task.o
    0x08006170   0x08006170   0x00000174   Code   RO         2304    .text.gimbal_cali_control  gimbal_task.o
    0x080062e4   0x080062e4   0x0000001a   Code   RO         2314    .text.gimbal_cmd_to_chassis_stop  gimbal_task.o
    0x080062fe   0x080062fe   0x00000002   PAD
    0x08006300   0x08006300   0x00000014   Code   RO         2316    .text.gimbal_cmd_to_shoot_stop  gimbal_task.o
    0x08006314   0x08006314   0x00000048   Code   RO         2458    .text.gimbal_control_loop  pid_task.o
    0x0800635c   0x0800635c   0x00000086   Code   RO         2280    .text.gimbal_feedback_update  gimbal_task.o
    0x080063e2   0x080063e2   0x00000002   PAD
    0x080063e4   0x080063e4   0x0000006e   Code   RO         2274    .text.gimbal_init   gimbal_task.o
    0x08006452   0x08006452   0x00000002   PAD
    0x08006454   0x08006454   0x00000078   Code   RO         2302    .text.gimbal_init_control  gimbal_task.o
    0x080064cc   0x080064cc   0x000000a2   Code   RO         2278    .text.gimbal_mode_change_control_transit  gimbal_task.o
    0x0800656e   0x0800656e   0x00000002   PAD
    0x08006570   0x08006570   0x00000016   Code   RO         2310    .text.gimbal_motionless_control  gimbal_task.o
    0x08006586   0x08006586   0x00000002   PAD
    0x08006588   0x08006588   0x00000040   Code   RO         2466    .text.gimbal_motor_absolute_angle_control  pid_task.o
    0x080065c8   0x080065c8   0x0000001c   Code   RO         2464    .text.gimbal_motor_raw_angle_control  pid_task.o
    0x080065e4   0x080065e4   0x00000044   Code   RO         2468    .text.gimbal_motor_relative_angle_control  pid_task.o
    0x08006628   0x08006628   0x000000ac   Code   RO         2308    .text.gimbal_relative_angle_control  gimbal_task.o
    0x080066d4   0x080066d4   0x0000003a   Code   RO         2324    .text.gimbal_relative_angle_limit  gimbal_task.o
    0x0800670e   0x0800670e   0x00000002   PAD
    0x08006710   0x08006710   0x000000b4   Code   RO         2282    .text.gimbal_set_control  gimbal_task.o
    0x080067c4   0x080067c4   0x0000004a   Code   RO         2276    .text.gimbal_set_mode  gimbal_task.o
    0x0800680e   0x0800680e   0x00000002   PAD
    0x08006810   0x08006810   0x00000074   Code   RO         2326    .text.gimbal_shoot_follow_limit  gimbal_task.o
    0x08006884   0x08006884   0x00000022   Code   RO         2312    .text.gimbal_shoot_follw_control  gimbal_task.o
    0x080068a6   0x080068a6   0x00000002   PAD
    0x080068a8   0x080068a8   0x0000005a   Code   RO         2272    .text.gimbal_task   gimbal_task.o
    0x08006902   0x08006902   0x00000002   PAD
    0x08006904   0x08006904   0x00000016   Code   RO         2300    .text.gimbal_zero_force_control  gimbal_task.o
    0x0800691a   0x0800691a   0x00000002   PAD
    0x0800691c   0x0800691c   0x00000008   Code   RO           63    .text.idel_task     freertos.o
    0x08006924   0x08006924   0x00000004   PAD
    0x08006928   0x08006928   0x00000124   Code   RO         2430    .text.imu_task      ins_task.o
    0x08006a4c   0x08006a4c   0x0000000c   Code   RO         1661    .text.inHandlerMode  cmsis_os.o
    0x08006a58   0x08006a58   0x000000fa   Code   RO         1890    .text.init_referee_struct_data  referee.o
    0x08006b52   0x08006b52   0x00000002   PAD
    0x08006b54   0x08006b54   0x00000588   Code   RO         2238    .text.judge_task    referee_usart_task.o
    0x080070dc   0x080070dc   0x00000060   Code   RO         2625    .text.loop_fp32_constrain  user_lib.o
    0x0800713c   0x0800713c   0x0000009e   Code   RO           11    .text.main          main.o
    0x080071da   0x080071da   0x00000002   PAD
    0x080071dc   0x080071dc   0x0000000c   Code   RO         1665    .text.makeFreeRtosPriority  cmsis_os.o
    0x080071e8   0x080071e8   0x00000030   Code   RO         2318    .text.motor_ecd_to_angle_change  gimbal_task.o
    0x08007218   0x08007218   0x00000010   Code   RO         1679    .text.osDelay       cmsis_os.o
    0x08007228   0x08007228   0x00000010   Code   RO         1749    .text.osDelayUntil  cmsis_os.o
    0x08007238   0x08007238   0x0000000a   Code   RO         1655    .text.osKernelStart  cmsis_os.o
    0x08007242   0x08007242   0x00000002   PAD
    0x08007244   0x08007244   0x00000014   Code   RO         1659    .text.osKernelSysTick  cmsis_os.o
    0x08007258   0x08007258   0x0000006e   Code   RO         1663    .text.osThreadCreate  cmsis_os.o
    0x080072c6   0x080072c6   0x00000002   PAD
    0x080072c8   0x080072c8   0x00000244   Code   RO         2450    .text.pid_task      pid_task.o
    0x0800750c   0x0800750c   0x000000aa   Code   RO         1440    .text.prvAddCurrentTaskToDelayedList  tasks.o
    0x080075b6   0x080075b6   0x00000002   PAD
    0x080075b8   0x080075b8   0x000000ae   Code   RO         1426    .text.prvAddNewTaskToReadyList  tasks.o
    0x08007666   0x08007666   0x00000002   PAD
    0x08007668   0x08007668   0x0000007c   Code   RO         1588    .text.prvCheckForValidListAndQueue  timers.o
    0x080076e4   0x080076e4   0x0000004e   Code   RO         1554    .text.prvCheckTasksWaitingTermination  tasks.o
    0x08007732   0x08007732   0x00000002   PAD
    0x08007734   0x08007734   0x00000026   Code   RO         1315    .text.prvCopyDataFromQueue  queue.o
    0x0800775a   0x0800775a   0x00000002   PAD
    0x0800775c   0x0800775c   0x0000007a   Code   RO         1303    .text.prvCopyDataToQueue  queue.o
    0x080077d6   0x080077d6   0x00000002   PAD
    0x080077d8   0x080077d8   0x00000036   Code   RO         1432    .text.prvDeleteTCB  tasks.o
    0x0800780e   0x0800780e   0x00000002   PAD
    0x08007810   0x08007810   0x00000020   Code   RO         1624    .text.prvGetNextExpireTime  timers.o
    0x08007830   0x08007830   0x00000076   Code   RO         1782    .text.prvHeapInit   heap_4.o
    0x080078a6   0x080078a6   0x00000002   PAD
    0x080078a8   0x080078a8   0x0000002a   Code   RO         1466    .text.prvIdleTask   tasks.o
    0x080078d2   0x080078d2   0x00000002   PAD
    0x080078d4   0x080078d4   0x00000020   Code   RO         1287    .text.prvInitialiseNewQueue  queue.o
    0x080078f4   0x080078f4   0x0000009e   Code   RO         1424    .text.prvInitialiseNewTask  tasks.o
    0x08007992   0x08007992   0x00000002   PAD
    0x08007994   0x08007994   0x0000006e   Code   RO         1552    .text.prvInitialiseTaskLists  tasks.o
    0x08007a02   0x08007a02   0x00000002   PAD
    0x08007a04   0x08007a04   0x00000062   Code   RO         1784    .text.prvInsertBlockIntoFreeList  heap_4.o
    0x08007a66   0x08007a66   0x00000002   PAD
    0x08007a68   0x08007a68   0x00000040   Code   RO         1636    .text.prvInsertTimerInActiveList  timers.o
    0x08007aa8   0x08007aa8   0x00000018   Code   RO         1317    .text.prvIsQueueEmpty  queue.o
    0x08007ac0   0x08007ac0   0x0000001c   Code   RO         1305    .text.prvIsQueueFull  queue.o
    0x08007adc   0x08007adc   0x00000028   Code   RO         1820    .text.prvPortStartFirstTask  port.o
    0x08007b04   0x08007b04   0x0000006e   Code   RO         1632    .text.prvProcessExpiredTimer  timers.o
    0x08007b72   0x08007b72   0x00000002   PAD
    0x08007b74   0x08007b74   0x00000122   Code   RO         1628    .text.prvProcessReceivedCommands  timers.o
    0x08007c96   0x08007c96   0x00000002   PAD
    0x08007c98   0x08007c98   0x00000080   Code   RO         1626    .text.prvProcessTimerOrBlockTask  timers.o
    0x08007d18   0x08007d18   0x00000028   Code   RO         1434    .text.prvResetNextTaskUnblockTime  tasks.o
    0x08007d40   0x08007d40   0x0000002a   Code   RO         1630    .text.prvSampleTimeNow  timers.o
    0x08007d6a   0x08007d6a   0x00000002   PAD
    0x08007d6c   0x08007d6c   0x00000090   Code   RO         1634    .text.prvSwitchTimerLists  timers.o
    0x08007dfc   0x08007dfc   0x00000020   Code   RO         1514    .text.prvTaskCheckFreeStackSpace  tasks.o
    0x08007e1c   0x08007e1c   0x00000032   Code   RO         1810    .text.prvTaskExitError  port.o
    0x08007e4e   0x08007e4e   0x00000002   PAD
    0x08007e50   0x08007e50   0x00000016   Code   RO         1590    .text.prvTimerTask  timers.o
    0x08007e66   0x08007e66   0x00000002   PAD
    0x08007e68   0x08007e68   0x00000072   Code   RO         1307    .text.prvUnlockQueue  queue.o
    0x08007eda   0x08007eda   0x00000002   PAD
    0x08007edc   0x08007edc   0x00000138   Code   RO         1780    .text.pvPortMalloc  heap_4.o
    0x08008014   0x08008014   0x00000028   Code   RO         1808    .text.pxPortInitialiseStack  port.o
    0x0800803c   0x0800803c   0x00000186   Code   RO         1892    .text.referee_data_solve  referee.o
    0x080081c2   0x080081c2   0x00000002   PAD
    0x080081c4   0x080081c4   0x0000013c   Code   RO         2240    .text.referee_unpack_fifo_data  referee_usart_task.o
    0x08008300   0x08008300   0x00000016   Code   RO         1929    .text.remote_control_init  remote_control.o
    0x08008316   0x08008316   0x00000002   PAD
    0x08008318   0x08008318   0x000000ba   Code   RO         1943    .text.sbus_to_rc    remote_control.o
    0x080083d2   0x080083d2   0x00000002   PAD
    0x080083d4   0x080083d4   0x00000022   Code   RO         2284    .text.set_cali_gimbal_hook  gimbal_task.o
    0x080083f6   0x080083f6   0x00000002   PAD
    0x080083f8   0x080083f8   0x000000dc   Code   RO         2222    .text.shoot_bullet_control  shoot_task.o
    0x080084d4   0x080084d4   0x000000e0   Code   RO         2218    .text.shoot_feedback_update  shoot_task.o
    0x080085b4   0x080085b4   0x00000078   Code   RO         2212    .text.shoot_init    shoot_task.o
    0x0800862c   0x0800862c   0x00000058   Code   RO         2220    .text.shoot_set_control  shoot_task.o
    0x08008684   0x08008684   0x0000010e   Code   RO         2216    .text.shoot_set_mode  shoot_task.o
    0x08008792   0x08008792   0x00000002   PAD
    0x08008794   0x08008794   0x00000032   Code   RO         2214    .text.shoot_task    shoot_task.o
    0x080087c6   0x080087c6   0x00000002   PAD
    0x080087c8   0x080087c8   0x00000018   Code   RO         2347    .text.toe_is_error  detect_task.o
    0x080087e0   0x080087e0   0x0000006c   Code   RO         2224    .text.trigger_motor_turn_back  shoot_task.o
    0x0800884c   0x0800884c   0x000000d8   Code   RO         2200    .text.usart6_init   bsp_usart.o
    0x08008924   0x08008924   0x00000028   Code   RO         1273    .text.uxListRemove  list.o
    0x0800894c   0x0800894c   0x00000016   Code   RO         1518    .text.uxTaskGetStackHighWaterMark  tasks.o
    0x08008962   0x08008962   0x00000002   PAD
    0x08008964   0x08008964   0x0000001a   Code   RO           55    .text.vApplicationGetIdleTaskMemory  freertos.o
    0x0800897e   0x0800897e   0x00000002   PAD
    0x08008980   0x08008980   0x0000001c   Code   RO           57    .text.vApplicationGetTimerTaskMemory  freertos.o
    0x0800899c   0x0800899c   0x00000016   Code   RO         1265    .text.vListInitialise  list.o
    0x080089b2   0x080089b2   0x00000002   PAD
    0x080089b4   0x080089b4   0x00000006   Code   RO         1267    .text.vListInitialiseItem  list.o
    0x080089ba   0x080089ba   0x00000002   PAD
    0x080089bc   0x080089bc   0x0000003a   Code   RO         1271    .text.vListInsert   list.o
    0x080089f6   0x080089f6   0x00000002   PAD
    0x080089f8   0x080089f8   0x0000001c   Code   RO         1269    .text.vListInsertEnd  list.o
    0x08008a14   0x08008a14   0x00000014   Code   RO         1818    .text.vPortEnableVFP  port.o
    0x08008a28   0x08008a28   0x00000046   Code   RO         1824    .text.vPortEnterCritical  port.o
    0x08008a6e   0x08008a6e   0x00000002   PAD
    0x08008a70   0x08008a70   0x0000002e   Code   RO         1826    .text.vPortExitCritical  port.o
    0x08008a9e   0x08008a9e   0x00000002   PAD
    0x08008aa0   0x08008aa0   0x0000007c   Code   RO         1786    .text.vPortFree     heap_4.o
    0x08008b1c   0x08008b1c   0x00000034   Code   RO         1816    .text.vPortSetupTimerInterrupt  port.o
    0x08008b50   0x08008b50   0x00000062   Code   RO         1832    .text.vPortValidateInterruptPriority  port.o
    0x08008bb2   0x08008bb2   0x00000002   PAD
    0x08008bb4   0x08008bb4   0x00000028   Code   RO         1349    .text.vQueueAddToRegistry  queue.o
    0x08008bdc   0x08008bdc   0x00000044   Code   RO         1353    .text.vQueueWaitForMessageRestricted  queue.o
    0x08008c20   0x08008c20   0x00000054   Code   RO         1444    .text.vTaskDelay    tasks.o
    0x08008c74   0x08008c74   0x000000a8   Code   RO         1436    .text.vTaskDelayUntil  tasks.o
    0x08008d1c   0x08008d1c   0x0000001a   Code   RO         1502    .text.vTaskInternalSetTimeOutState  tasks.o
    0x08008d36   0x08008d36   0x00000002   PAD
    0x08008d38   0x08008d38   0x0000000e   Code   RO         1506    .text.vTaskMissedYield  tasks.o
    0x08008d46   0x08008d46   0x00000002   PAD
    0x08008d48   0x08008d48   0x00000032   Code   RO         1490    .text.vTaskPlaceOnEventList  tasks.o
    0x08008d7a   0x08008d7a   0x00000002   PAD
    0x08008d7c   0x08008d7c   0x0000003e   Code   RO         1494    .text.vTaskPlaceOnEventListRestricted  tasks.o
    0x08008dba   0x08008dba   0x00000002   PAD
    0x08008dbc   0x08008dbc   0x000000a8   Code   RO         1464    .text.vTaskStartScheduler  tasks.o
    0x08008e64   0x08008e64   0x00000010   Code   RO         1438    .text.vTaskSuspendAll  tasks.o
    0x08008e74   0x08008e74   0x000000aa   Code   RO         1456    .text.vTaskSwitchContext  tasks.o
    0x08008f1e   0x08008f1e   0x00000002   PAD
    0x08008f20   0x08008f20   0x00000046   Code   RO         2505    .text.verify_CRC16_check_sum  crc8_crc16.o
    0x08008f66   0x08008f66   0x00000002   PAD
    0x08008f68   0x08008f68   0x0000002a   Code   RO         2499    .text.verify_CRC8_check_sum  crc8_crc16.o
    0x08008f92   0x08008f92   0x00000002   PAD
    0x08008f94   0x08008f94   0x00000112   Code   RO         1814    .text.xPortStartScheduler  port.o
    0x080090a6   0x080090a6   0x00000002   PAD
    0x080090a8   0x080090a8   0x00000096   Code   RO         1285    .text.xQueueGenericCreateStatic  queue.o
    0x0800913e   0x0800913e   0x00000002   PAD
    0x08009140   0x08009140   0x0000007e   Code   RO         1283    .text.xQueueGenericReset  queue.o
    0x080091be   0x080091be   0x00000002   PAD
    0x080091c0   0x080091c0   0x000001a2   Code   RO         1301    .text.xQueueGenericSend  queue.o
    0x08009362   0x08009362   0x00000002   PAD
    0x08009364   0x08009364   0x000000ce   Code   RO         1309    .text.xQueueGenericSendFromISR  queue.o
    0x08009432   0x08009432   0x00000002   PAD
    0x08009434   0x08009434   0x00000184   Code   RO         1313    .text.xQueueReceive  queue.o
    0x080095b8   0x080095b8   0x000000a2   Code   RO         1504    .text.xTaskCheckForTimeOut  tasks.o
    0x0800965a   0x0800965a   0x00000002   PAD
    0x0800965c   0x0800965c   0x00000066   Code   RO         1428    .text.xTaskCreate   tasks.o
    0x080096c2   0x080096c2   0x00000002   PAD
    0x080096c4   0x080096c4   0x00000076   Code   RO         1422    .text.xTaskCreateStatic  tasks.o
    0x0800973a   0x0800973a   0x00000002   PAD
    0x0800973c   0x0800973c   0x00000026   Code   RO         1522    .text.xTaskGetSchedulerState  tasks.o
    0x08009762   0x08009762   0x00000002   PAD
    0x08009764   0x08009764   0x0000000c   Code   RO         1472    .text.xTaskGetTickCount  tasks.o
    0x08009770   0x08009770   0x00000012   Code   RO         1474    .text.xTaskGetTickCountFromISR  tasks.o
    0x08009782   0x08009782   0x00000002   PAD
    0x08009784   0x08009784   0x00000164   Code   RO         1470    .text.xTaskIncrementTick  tasks.o
    0x080098e8   0x080098e8   0x000000b2   Code   RO         1526    .text.xTaskPriorityDisinherit  tasks.o
    0x0800999a   0x0800999a   0x00000002   PAD
    0x0800999c   0x0800999c   0x00000090   Code   RO         1496    .text.xTaskRemoveFromEventList  tasks.o
    0x08009a2c   0x08009a2c   0x00000118   Code   RO         1442    .text.xTaskResumeAll  tasks.o
    0x08009b44   0x08009b44   0x00000074   Code   RO         1586    .text.xTimerCreateTimerTask  timers.o
    0x08009bb8   0x08009bb8   0x00000068   Code   RO         1598    .text.xTimerGenericCommand  timers.o
    0x08009c20   0x08009c20   0x00000020   Code   RO         3123    i.__0printf$3       mc_w.l(printf3.o)
    0x08009c40   0x08009c40   0x00000026   Code   RO         3337    i.__ARM_fpclassifyf  m_wm.l(fpclassifyf.o)
    0x08009c66   0x08009c66   0x00000002   PAD
    0x08009c68   0x08009c68   0x00000150   Code   RO         3003    i.__hardfp_cosf     m_wm.l(cosf.o)
    0x08009db8   0x08009db8   0x00000190   Code   RO         3009    i.__hardfp_sinf     m_wm.l(sinf.o)
    0x08009f48   0x08009f48   0x00000006   Code   RO         3340    i.__mathlib_flt_infnan  m_wm.l(funder.o)
    0x08009f4e   0x08009f4e   0x00000002   PAD
    0x08009f50   0x08009f50   0x00000010   Code   RO         3342    i.__mathlib_flt_invalid  m_wm.l(funder.o)
    0x08009f60   0x08009f60   0x00000010   Code   RO         3345    i.__mathlib_flt_underflow  m_wm.l(funder.o)
    0x08009f70   0x08009f70   0x00000154   Code   RO         3353    i.__mathlib_rredf2  m_wm.l(rredf.o)
    0x0800a0c4   0x0800a0c4   0x0000000e   Code   RO         3412    i.__scatterload_copy  mc_w.l(handlers.o)
    0x0800a0d2   0x0800a0d2   0x00000002   Code   RO         3413    i.__scatterload_null  mc_w.l(handlers.o)
    0x0800a0d4   0x0800a0d4   0x0000000e   Code   RO         3414    i.__scatterload_zeroinit  mc_w.l(handlers.o)
    0x0800a0e2   0x0800a0e2   0x00000002   PAD
    0x0800a0e4   0x0800a0e4   0x0000000c   Code   RO         3392    i.__set_errno       mc_w.l(errno.o)
    0x0800a0f0   0x0800a0f0   0x000001b8   Code   RO         3130    i._printf_core      mc_w.l(printf3.o)
    0x0800a2a8   0x0800a2a8   0x00000024   Code   RO         3018    i.puts              mc_w.l(puts.o)
    0x0800a2cc   0x0800a2cc   0x00000020   Data   RO         3354    .constdata          m_wm.l(rredf.o)
    0x0800a2ec   0x0800a2ec   0x0000001c   Data   RO           74    .rodata..L__const.MX_FREERTOS_Init.os_thread_def_chassis  freertos.o
    0x0800a308   0x0800a308   0x0000001c   Data   RO           70    .rodata..L__const.MX_FREERTOS_Init.os_thread_def_dbug  freertos.o
    0x0800a324   0x0800a324   0x0000001c   Data   RO           72    .rodata..L__const.MX_FREERTOS_Init.os_thread_def_gimbal  freertos.o
    0x0800a340   0x0800a340   0x0000001c   Data   RO           84    .rodata..L__const.MX_FREERTOS_Init.os_thread_def_idel  freertos.o
    0x0800a35c   0x0800a35c   0x0000001c   Data   RO           82    .rodata..L__const.MX_FREERTOS_Init.os_thread_def_imu  freertos.o
    0x0800a378   0x0800a378   0x0000001c   Data   RO           76    .rodata..L__const.MX_FREERTOS_Init.os_thread_def_judge  freertos.o
    0x0800a394   0x0800a394   0x0000001c   Data   RO           78    .rodata..L__const.MX_FREERTOS_Init.os_thread_def_pid  freertos.o
    0x0800a3b0   0x0800a3b0   0x0000001c   Data   RO           80    .rodata..L__const.MX_FREERTOS_Init.os_thread_def_shoot  freertos.o
    0x0800a3cc   0x0800a3cc   0x00000010   Data   RO         1216    .rodata.AHBPrescTable  system_stm32f4xx.o
    0x0800a3dc   0x0800a3dc   0x00000008   Data   RO         1217    .rodata.APBPrescTable  system_stm32f4xx.o
    0x0800a3e4   0x0800a3e4   0x00000100   Data   RO         2088    .rodata.CRC8_TAB_UI  rm_cilent_ui.o
    0x0800a4e4   0x0800a4e4   0x00000100   Data   RO         2510    .rodata.CRC8_table  crc8_crc16.o
    0x0800a5e4   0x0800a5e4   0x0000000c   Data   RO         2475    .rodata.Pitch_speed_pid  pid_task.o
    0x0800a5f0   0x0800a5f0   0x0000000c   Data   RO         2474    .rodata.Yaw_speed_absolute_pid  pid_task.o
    0x0800a5fc   0x0800a5fc   0x0000000c   Data   RO         2473    .rodata.Yaw_speed_pid  pid_task.o
    0x0800a608   0x0800a608   0x00000100   Data   RO         2854    .rodata.auchCRCHi   mbrtu.o
    0x0800a708   0x0800a708   0x00000100   Data   RO         2855    .rodata.auchCRCLo   mbrtu.o
    0x0800a808   0x0800a808   0x00000004   Data   RO         2385    .rodata.chassis_init.chassis_x_order_filter  chassis_task.o
    0x0800a80c   0x0800a80c   0x00000004   Data   RO         2386    .rodata.chassis_init.chassis_y_order_filter  chassis_task.o
    0x0800a810   0x0800a810   0x0000000c   Data   RO         2477    .rodata.chassis_yaw_pid  pid_task.o
    0x0800a81c   0x0800a81c   0x0000000c   Data   RO         2476    .rodata.motor_speed_pid  pid_task.o
    0x0800a828   0x0800a828   0x0000002d   Data   RO           69    .rodata.str1.1      freertos.o
    0x0800a855   0x0800a855   0x00000001   PAD
    0x0800a856   0x0800a856   0x00000200   Data   RO         2090    .rodata.wCRC_Table_UI  rm_cilent_ui.o
    0x0800aa56   0x0800aa56   0x00000200   Data   RO         2512    .rodata.wCRC_table  crc8_crc16.o
    0x0800ac56   0x0800ac56   0x00000002   PAD
    0x0800ac58   0x0800ac58   0x00000020   Data   RO         3411    Region$$Table       anon$$obj.o


    Execution Region RW_IRAM2 (Exec base: 0x10000000, Load base: 0x0800ad00, Size: 0x00000000, Max: 0x00010000, ABSOLUTE)

    **** No section assigned to this execution region ****


    Execution Region RW_IRAM1 (Exec base: 0x20000000, Load base: 0x0800ac78, Size: 0x00006560, Max: 0x00020000, ABSOLUTE)

    Exec Addr    Load Addr    Size         Type   Attr      Idx    E Section Name        Object

    0x20000000   0x0800ac78   0x00000004   Data   RW         3370    .data               mc_w.l(stdout.o)
    0x20000004   0x0800ac7c   0x00000004   Data   RW         3393    .data               mc_w.l(errno.o)
    0x20000008   0x0800ac80   0x00000002   Data   RW         2511    .data.CRC16_INIT    crc8_crc16.o
    0x2000000a   0x0800ac82   0x00000002   PAD
    0x2000000c   0x0800ac84   0x00000014   Data   RW         2036    .data.CommandList   cms_interface.o
    0x20000020   0x0800ac98   0x00000010   Data   RW         2888    .data.HandleSlaveRespond  mbrtumaster.o
    0x20000030   0x0800aca8   0x00000014   Data   RW         2035    .data.ReadCommandList  cms_interface.o
    0x20000044   0x0800acbc   0x00000004   Data   RW         1215    .data.SystemCoreClock  system_stm32f4xx.o
    0x20000048   0x0800acc0   0x00000004   Data   RW         2407    .data.cali_hook_fun  calibrate_task.o
    0x2000004c   0x0800acc4   0x0000000c   Data   RW         2478    .data.fric0_pid     pid_task.o
    0x20000058   0x0800acd0   0x0000000c   Data   RW         2479    .data.fric1_pid     pid_task.o
    0x20000064   0x0800acdc   0x00000004   Data   RW         1876    .data.power_limit   chassis_power_control.o
    0x20000068   0x0800ace0   0x00000001   Data   RW         2229    .data.shoot_set_mode.last_s  shoot_task.o
    0x20000069   0x0800ace1   0x00000003   PAD
    0x2000006c   0x0800ace4   0x0000000c   Data   RW         2472    .data.trigle_speed_pid  pid_task.o
    0x20000078   0x0800acf0   0x00000001   Data   RW          735    .data.uwTickFreq    stm32f4xx_hal.o
    0x20000079   0x0800acf1   0x00000003   PAD
    0x2000007c   0x0800acf4   0x00000004   Data   RW          734    .data.uwTickPrio    stm32f4xx_hal.o
    0x20000080   0x0800acf8   0x00000004   Data   RW         1836    .data.uxCriticalNesting  port.o
    0x20000084   0x0800acfc   0x00000004   Data   RW         1875    .data.warning_power  chassis_power_control.o
    0x20000088        -       0x0000000f   Zero   RW         2249    .bss.CAP_line1      referee_usart_task.o
    0x20000097   0x0800ad00   0x00000001   PAD
    0x20000098        -       0x0000000f   Zero   RW         2258    .bss.CAP_line10     referee_usart_task.o
    0x200000a7   0x0800ad00   0x00000001   PAD
    0x200000a8        -       0x0000000f   Zero   RW         2259    .bss.CAP_line11     referee_usart_task.o
    0x200000b7   0x0800ad00   0x00000001   PAD
    0x200000b8        -       0x0000000f   Zero   RW         2260    .bss.CAP_line12     referee_usart_task.o
    0x200000c7   0x0800ad00   0x00000001   PAD
    0x200000c8        -       0x0000000f   Zero   RW         2261    .bss.CAP_line13     referee_usart_task.o
    0x200000d7   0x0800ad00   0x00000001   PAD
    0x200000d8        -       0x0000000f   Zero   RW         2250    .bss.CAP_line2      referee_usart_task.o
    0x200000e7   0x0800ad00   0x00000001   PAD
    0x200000e8        -       0x0000000f   Zero   RW         2251    .bss.CAP_line3      referee_usart_task.o
    0x200000f7   0x0800ad00   0x00000001   PAD
    0x200000f8        -       0x0000000f   Zero   RW         2252    .bss.CAP_line4      referee_usart_task.o
    0x20000107   0x0800ad00   0x00000001   PAD
    0x20000108        -       0x0000000f   Zero   RW         2253    .bss.CAP_line5      referee_usart_task.o
    0x20000117   0x0800ad00   0x00000001   PAD
    0x20000118        -       0x0000000f   Zero   RW         2254    .bss.CAP_line6      referee_usart_task.o
    0x20000127   0x0800ad00   0x00000001   PAD
    0x20000128        -       0x0000000f   Zero   RW         2255    .bss.CAP_line7      referee_usart_task.o
    0x20000137   0x0800ad00   0x00000001   PAD
    0x20000138        -       0x0000000f   Zero   RW         2256    .bss.CAP_line8      referee_usart_task.o
    0x20000147   0x0800ad00   0x00000001   PAD
    0x20000148        -       0x0000000f   Zero   RW         2257    .bss.CAP_line9      referee_usart_task.o
    0x20000157   0x0800ad00   0x00000001   PAD
    0x20000158        -       0x0000000f   Zero   RW         2248    .bss.CAP_voltate    referee_usart_task.o
    0x20000167   0x0800ad00   0x00000001   PAD
    0x20000168        -       0x00000004   Zero   RW         2047    .bss.CMSInputCurrent  cms_interface.o
    0x2000016c        -       0x00000004   Zero   RW         2048    .bss.CMSInputVoltage  cms_interface.o
    0x20000170        -       0x000000a4   Zero   RW         2050    .bss.CMS_Hub        cms_interface.o
    0x20000214        -       0x00000004   Zero   RW         2046    .bss.CapChageCurrent  cms_interface.o
    0x20000218        -       0x00000004   Zero   RW         2041    .bss.CapChageVoltage  cms_interface.o
    0x2000021c        -       0x00000040   Zero   RW         2043    .bss.CoilStatus     cms_interface.o
    0x2000025c        -       0x00000004   Zero   RW         2037    .bss.CommandCounter  cms_interface.o
    0x20000260        -       0x00000001   Zero   RW         2052    .bss.Error_Code     cms_interface.o
    0x20000261   0x0800ad00   0x00000003   PAD
    0x20000264        -       0x00000004   Zero   RW          107    .bss.HAL_RCC_CAN1_CLK_ENABLED  can.o
    0x20000268        -       0x00000080   Zero   RW         2049    .bss.HoldingRegister  cms_interface.o
    0x200002e8        -       0x00000080   Zero   RW         2045    .bss.InputRegister  cms_interface.o
    0x20000368        -       0x00000040   Zero   RW         2053    .bss.InputStatus    cms_interface.o
    0x200003a8        -       0x00000004   Zero   RW         1877    .bss.LimitCurrent_temp  chassis_power_control.o
    0x200003ac        -       0x00000001   Zero   RW         2044    .bss.PowerState     cms_interface.o
    0x200003ad   0x0800ad00   0x00000003   PAD
    0x200003b0        -       0x00000004   Zero   RW         2244    .bss.UI_COUNT       referee_usart_task.o
    0x200003b4        -       0x00000001   Zero   RW         2086    .bss.UI_Seq         rm_cilent_ui.o
    0x200003b5   0x0800ad00   0x00000003   PAD
    0x200003b8        -       0x00000004   Zero   RW         1879    .bss.available_current  chassis_power_control.o
    0x200003bc        -       0x00000001   Zero   RW         1914    .bss.buff_musk_t    referee.o
    0x200003bd   0x0800ad00   0x00000001   PAD
    0x200003be        -       0x00000006   Zero   RW         1918    .bss.bullet_remaining_t  referee.o
    0x200003c4        -       0x0000000d   Zero   RW         2410    .bss.cali_sensor    calibrate_task.o
    0x200003d1   0x0800ad00   0x00000001   PAD
    0x200003d2        -       0x00000050   Zero   RW         2143    .bss.can1_motor     bsp_can.o
    0x20000422        -       0x00000050   Zero   RW         2142    .bss.can2_motor     bsp_can.o
    0x20000472   0x0800ad00   0x00000002   PAD
    0x20000474        -       0x00000004   Zero   RW           75    .bss.chassisHandle  freertos.o
    0x20000478        -       0x00000001   Zero   RW         1861    .bss.chassis_behaviour_mode  chassis_behaviour.o
    0x20000479   0x0800ad00   0x00000007   PAD
    0x20000480        -       0x00000008   Zero   RW         2153    .bss.chassis_can_send_data  bsp_can.o
    0x20000488        -       0x00000004   Zero   RW         2384    .bss.chassis_high_water  chassis_task.o
    0x2000048c        -       0x00000004   Zero   RW         1863    .bss.chassis_infantry_follow_gimbal_yaw_control.swing_angle  chassis_behaviour.o
    0x20000490        -       0x00000001   Zero   RW         1864    .bss.chassis_infantry_follow_gimbal_yaw_control.swing_flag  chassis_behaviour.o
    0x20000491   0x0800ad00   0x00000003   PAD
    0x20000494        -       0x00000004   Zero   RW         1862    .bss.chassis_infantry_follow_gimbal_yaw_control.swing_time  chassis_behaviour.o
    0x20000498        -       0x00000230   Zero   RW         2383    .bss.chassis_move   chassis_task.o
    0x200006c8        -       0x00000018   Zero   RW         2152    .bss.chassis_tx_message  bsp_can.o
    0x200006e0        -       0x00000004   Zero   RW         1878    .bss.chassis_volt   chassis_power_control.o
    0x200006e4        -       0x00000004   Zero   RW         2144    .bss.data_count     bsp_can.o
    0x200006e8        -       0x00000004   Zero   RW           71    .bss.dbugHandle     freertos.o
    0x200006ec        -       0x0000018c   Zero   RW         2356    .bss.error_list     detect_task.o
    0x20000878        -       0x0000000c   Zero   RW         2433    .bss.euler_hpr      ins_task.o
    0x20000884        -       0x00000004   Zero   RW         1907    .bss.field_event    referee.o
    0x20000888        -       0x00000001   Zero   RW         1905    .bss.game_result    referee.o
    0x20000889   0x0800ad00   0x00000003   PAD
    0x2000088c        -       0x0000001c   Zero   RW         1906    .bss.game_robot_HP_t  referee.o
    0x200008a8        -       0x00000010   Zero   RW         1913    .bss.game_robot_pos_t  referee.o
    0x200008b8        -       0x00000003   Zero   RW         1904    .bss.game_state     referee.o
    0x200008bb   0x0800ad00   0x00000001   PAD
    0x200008bc        -       0x00000004   Zero   RW           73    .bss.gimbalHandle   freertos.o
    0x200008c0        -       0x00000001   Zero   RW         2328    .bss.gimbal_behaviour  gimbal_task.o
    0x200008c1   0x0800ad00   0x00000001   PAD
    0x200008c2        -       0x00000002   Zero   RW         2333    .bss.gimbal_behavour_set.init_stop_time  gimbal_task.o
    0x200008c4        -       0x00000002   Zero   RW         2332    .bss.gimbal_behavour_set.init_time  gimbal_task.o
    0x200008c6   0x0800ad00   0x00000002   PAD
    0x200008c8        -       0x00000014   Zero   RW         2412    .bss.gimbal_cali    calibrate_task.o
    0x200008dc        -       0x00000002   Zero   RW         2334    .bss.gimbal_cali_control.cali_time  gimbal_task.o
    0x200008de        -       0x00000008   Zero   RW         2151    .bss.gimbal_can_send_data  bsp_can.o
    0x200008e6   0x0800ad00   0x00000002   PAD
    0x200008e8        -       0x000002ac   Zero   RW         2329    .bss.gimbal_control  gimbal_task.o
    0x20000b94        -       0x00000004   Zero   RW         2330    .bss.gimbal_high_water  gimbal_task.o
    0x20000b98        -       0x00000004   Zero   RW         2331    .bss.gimbal_shoot_follow_limit.shoot_angle_pit_set  gimbal_task.o
    0x20000b9c        -       0x00000018   Zero   RW         2150    .bss.gimbal_tx_message  bsp_can.o
    0x20000bb4        -       0x0000000c   Zero   RW         2434    .bss.gyro_xyz       ins_task.o
    0x20000bc0        -       0x00000028   Zero   RW          105    .bss.hcan1          can.o
    0x20000be8        -       0x00000028   Zero   RW          106    .bss.hcan2          can.o
    0x20000c10        -       0x00000060   Zero   RW          164    .bss.hdma_uart4_rx  usart.o
    0x20000c70        -       0x00000060   Zero   RW          165    .bss.hdma_uart4_tx  usart.o
    0x20000cd0        -       0x00000060   Zero   RW          166    .bss.hdma_uart5_rx  usart.o
    0x20000d30        -       0x00000060   Zero   RW          167    .bss.hdma_usart2_rx  usart.o
    0x20000d90        -       0x00000060   Zero   RW          168    .bss.hdma_usart6_rx  usart.o
    0x20000df0        -       0x00000060   Zero   RW          169    .bss.hdma_usart6_tx  usart.o
    0x20000e50        -       0x00000002   Zero   RW         2228    .bss.heat_temp      shoot_task.o
    0x20000e52        -       0x00000006   Zero   RW         2040    .bss.hgraInfo       cms_interface.o
    0x20000e58        -       0x00000040   Zero   RW          133    .bss.htim4          tim.o
    0x20000e98        -       0x00000040   Zero   RW          134    .bss.htim6          tim.o
    0x20000ed8        -       0x00000040   Zero   RW          239    .bss.htim7          stm32f4xx_hal_timebase_tim.o
    0x20000f18        -       0x00000040   Zero   RW          161    .bss.huart1         usart.o
    0x20000f58        -       0x00000040   Zero   RW          162    .bss.huart2         usart.o
    0x20000f98        -       0x00000040   Zero   RW          159    .bss.huart4         usart.o
    0x20000fd8        -       0x00000040   Zero   RW          160    .bss.huart5         usart.o
    0x20001018        -       0x00000040   Zero   RW          163    .bss.huart6         usart.o
    0x20001058        -       0x00000004   Zero   RW           85    .bss.idelHandle     freertos.o
    0x2000105c        -       0x00000004   Zero   RW           83    .bss.imuHandle      freertos.o
    0x20001060        -       0x00000004   Zero   RW           77    .bss.judgeHandle    freertos.o
    0x20001064        -       0x00000004   Zero   RW         2148    .bss.p              bsp_can.o
    0x20001068        -       0x00000004   Zero   RW           79    .bss.pidHandle      freertos.o
    0x2000106c        -       0x00000010   Zero   RW         1912    .bss.power_heat_data_t  referee.o
    0x2000107c        -       0x000000a0   Zero   RW         1646    .bss.prvCheckForValidListAndQueue.ucStaticTimerQueueStorage  timers.o
    0x2000111c        -       0x00000050   Zero   RW         1645    .bss.prvCheckForValidListAndQueue.xStaticTimerQueue  timers.o
    0x2000116c        -       0x00000004   Zero   RW         1642    .bss.prvSampleTimeNow.xLastTime  timers.o
    0x20001170        -       0x00000004   Zero   RW         1556    .bss.pxCurrentTCB   tasks.o
    0x20001174        -       0x00000004   Zero   RW         1640    .bss.pxCurrentTimerList  timers.o
    0x20001178        -       0x00000004   Zero   RW         1566    .bss.pxDelayedTaskList  tasks.o
    0x2000117c        -       0x00000004   Zero   RW         1794    .bss.pxEnd          heap_4.o
    0x20001180        -       0x00000004   Zero   RW         1567    .bss.pxOverflowDelayedTaskList  tasks.o
    0x20001184        -       0x00000004   Zero   RW         1641    .bss.pxOverflowTimerList  timers.o
    0x20001188        -       0x0000008c   Zero   RW         1557    .bss.pxReadyTasksLists  tasks.o
    0x20001214        -       0x00000016   Zero   RW         1946    .bss.rc_ctrl        remote_control.o
    0x2000122a   0x0800ad00   0x00000002   PAD
    0x2000122c        -       0x00000018   Zero   RW         2245    .bss.referee_fifo   referee_usart_task.o
    0x20001244        -       0x00000400   Zero   RW         2246    .bss.referee_fifo_buf  referee_usart_task.o
    0x20001644        -       0x00000005   Zero   RW         1902    .bss.referee_receive_header  referee.o
    0x20001649        -       0x00000005   Zero   RW         1903    .bss.referee_send_header  referee.o
    0x2000164e        -       0x00000089   Zero   RW         2263    .bss.referee_unpack_obj  referee_usart_task.o
    0x200016d7   0x0800ad00   0x00000001   PAD
    0x200016d8        -       0x00000002   Zero   RW         1910    .bss.referee_warning_t  referee.o
    0x200016da   0x0800ad00   0x00000002   PAD
    0x200016dc        -       0x00000004   Zero   RW         1880    .bss.remain_current  chassis_power_control.o
    0x200016e0        -       0x00000004   Zero   RW         1919    .bss.rfid_status_t  referee.o
    0x200016e4        -       0x00000002   Zero   RW         1915    .bss.robot_energy_t  referee.o
    0x200016e6        -       0x00000001   Zero   RW         1916    .bss.robot_hurt_t   referee.o
    0x200016e7   0x0800ad00   0x00000001   PAD
    0x200016e8        -       0x0000001b   Zero   RW         1911    .bss.robot_state    referee.o
    0x20001703   0x0800ad00   0x00000001   PAD
    0x20001704        -       0x00000038   Zero   RW         2038    .bss.rtuMaster      cms_interface.o
    0x2000173c        -       0x00000014   Zero   RW         2039    .bss.rtuSlave       cms_interface.o
    0x20001750        -       0x00000048   Zero   RW         1945    .bss.sbus_rx_buf    remote_control.o
    0x20001798        -       0x00000004   Zero   RW           81    .bss.shootHandle    freertos.o
    0x2000179c        -       0x00000184   Zero   RW         2227    .bss.shoot_control  shoot_task.o
    0x20001920        -       0x00000007   Zero   RW         1917    .bss.shoot_data_t   referee.o
    0x20001927   0x0800ad00   0x00000001   PAD
    0x20001928        -       0x00000002   Zero   RW         2226    .bss.shoot_stop_time  shoot_task.o
    0x2000192a   0x0800ad00   0x00000006   PAD
    0x20001930        -       0x00000008   Zero   RW         2145    .bss.stcAngle       bsp_can.o
    0x20001938        -       0x00000008   Zero   RW         2146    .bss.stcGyro        bsp_can.o
    0x20001940        -       0x00000004   Zero   RW         2051    .bss.stop_time      cms_interface.o
    0x20001944        -       0x0000000c   Zero   RW         1920    .bss.student_interactive_data_t  referee.o
    0x20001950        -       0x00000004   Zero   RW         1908    .bss.supply_projectile_action_t  referee.o
    0x20001954        -       0x00000003   Zero   RW         1909    .bss.supply_projectile_booking_t  referee.o
    0x20001957        -       0x0000000a   Zero   RW         2147    .bss.test           bsp_can.o
    0x20001961   0x0800ad00   0x00000003   PAD
    0x20001964        -       0x00000004   Zero   RW         2889    .bss.testPoint      mbrtumaster.o
    0x20001968        -       0x00003c00   Zero   RW         1799    .bss.ucHeap         heap_4.o
    0x20005568        -       0x00000001   Zero   RW         1834    .bss.ucMaxSysCallPriority  port.o
    0x20005569   0x0800ad00   0x00000003   PAD
    0x2000556c        -       0x00000004   Zero   RW           26    .bss.ulHighFrequencyTimerTicks  main.o
    0x20005570        -       0x00000004   Zero   RW         1835    .bss.ulMaxPRIGROUPValue  port.o
    0x20005574        -       0x00000004   Zero   RW         1575    .bss.ulTaskSwitchedInTime  tasks.o
    0x20005578        -       0x00000400   Zero   RW         2247    .bss.usart6_buf     referee_usart_task.o
    0x20005978        -       0x00000004   Zero   RW          736    .bss.uwTick         stm32f4xx_hal.o
    0x2000597c        -       0x00000004   Zero   RW         1562    .bss.uxCurrentNumberOfTasks  tasks.o
    0x20005980        -       0x00000004   Zero   RW         1561    .bss.uxDeletedTasksWaitingCleanUp  tasks.o
    0x20005984        -       0x00000004   Zero   RW         1573    .bss.uxPendedTicks  tasks.o
    0x20005988        -       0x00000004   Zero   RW         1564    .bss.uxSchedulerSuspended  tasks.o
    0x2000598c        -       0x00000004   Zero   RW         1559    .bss.uxTaskNumber   tasks.o
    0x20005990        -       0x00000004   Zero   RW         1558    .bss.uxTopReadyPriority  tasks.o
    0x20005994        -       0x00000014   Zero   RW         1643    .bss.xActiveTimerList1  timers.o
    0x200059a8        -       0x00000014   Zero   RW         1644    .bss.xActiveTimerList2  timers.o
    0x200059bc        -       0x00000001   Zero   RW         1795    .bss.xBlockAllocatedBit  heap_4.o
    0x200059bd   0x0800ad00   0x00000003   PAD
    0x200059c0        -       0x00000014   Zero   RW         1576    .bss.xDelayedTaskList1  tasks.o
    0x200059d4        -       0x00000014   Zero   RW         1577    .bss.xDelayedTaskList2  tasks.o
    0x200059e8        -       0x00000004   Zero   RW         1796    .bss.xFreeBytesRemaining  heap_4.o
    0x200059ec        -       0x00000200   Zero   RW           66    .bss.xIdleStack     freertos.o
    0x20005bec        -       0x00000004   Zero   RW         1570    .bss.xIdleTaskHandle  tasks.o
    0x20005bf0        -       0x00000060   Zero   RW           65    .bss.xIdleTaskTCBBuffer  freertos.o
    0x20005c50        -       0x00000004   Zero   RW         1798    .bss.xMinimumEverFreeBytesRemaining  heap_4.o
    0x20005c54        -       0x00000004   Zero   RW         1571    .bss.xNextTaskUnblockTime  tasks.o
    0x20005c58        -       0x00000004   Zero   RW         1574    .bss.xNumOfOverflows  tasks.o
    0x20005c5c        -       0x00000014   Zero   RW         1569    .bss.xPendingReadyList  tasks.o
    0x20005c70        -       0x00000040   Zero   RW         1355    .bss.xQueueRegistry  queue.o
    0x20005cb0        -       0x00000004   Zero   RW         1563    .bss.xSchedulerRunning  tasks.o
    0x20005cb4        -       0x00000008   Zero   RW         1797    .bss.xStart         heap_4.o
    0x20005cbc        -       0x00000014   Zero   RW         1568    .bss.xSuspendedTaskList  tasks.o
    0x20005cd0        -       0x00000014   Zero   RW         1560    .bss.xTasksWaitingTermination  tasks.o
    0x20005ce4        -       0x00000004   Zero   RW         1565    .bss.xTickCount     tasks.o
    0x20005ce8        -       0x00000004   Zero   RW         1638    .bss.xTimerQueue    timers.o
    0x20005cec        -       0x00000400   Zero   RW           68    .bss.xTimerStack    freertos.o
    0x200060ec        -       0x00000004   Zero   RW         1639    .bss.xTimerTaskHandle  timers.o
    0x200060f0        -       0x00000060   Zero   RW           67    .bss.xTimerTaskTCBBuffer  freertos.o
    0x20006150        -       0x00000004   Zero   RW         1572    .bss.xYieldPending  tasks.o
    0x20006154        -       0x00000004   Zero   RW         2149    .bss.y              bsp_can.o
    0x20006158        -       0x00000004   Zero   RW           25    .bss.yaw            main.o
    0x2000615c   0x0800ad00   0x00000004   PAD
    0x20006160        -       0x00000400   Zero   RW            1    STACK               startup_stm32f407xx.o


==============================================================================

Image component sizes


      Code (inc. data)   RO Data    RW Data    ZI Data      Debug   Object Name

       876          0          0          0        262       7473   bsp_can.o
        16          0          0          0          0       3065   bsp_flash.o
       142          0          0          0          0       1259   bsp_rc.o
       216          0          0          0          0       1637   bsp_usart.o
       240          0          0          4         33       4138   calibrate_task.o
       408          0          0          0         84       6424   can.o
       732         52          0          0         10       7873   chassis_behaviour.o
       584         56          0          8         16       5322   chassis_power_control.o
      1310         76          8          0        564       7387   chassis_task.o
      1148          4          0         40        656      11276   cms_interface.o
       196          0          0          0          0      21320   cmsis_os.o
       196          0        768          2          0       2753   crc8_crc16.o
       124          0          0          0        396       3066   detect_task.o
       154          0          0          0          0       3330   dma.o
       224          0          0          0          0      11184   fifo.o
       460          0        269          0       1760       4140   freertos.o
      3062        142          0          0        699      13839   gimbal_task.o
       228          0          0          0          0       2198   gpio.o
       652          0          0          0      15381       3691   heap_4.o
       312         20          0          0         24       1841   ins_task.o
       154          0          0          0          0       2227   list.o
       576         68          0          0          8       6778   main.o
       580          0          0          0          0       6664   mbpdu.o
       156          0        512          0          0       3374   mbrtu.o
       790          0          0         16          4       8063   mbrtumaster.o
       282          4          0          0          0       1992   pid.o
      1558         92         60         36          0       8738   pid_task.o
       872         16          0          4          5       3817   port.o
      1754          0          0          0         64      20596   queue.o
       712         14          0          0        147       5894   referee.o
      1858         62          0          0       2423       4390   referee_usart_task.o
       410          0          0          0         94       3511   remote_control.o
       908          8        768          0          1       8433   rm_cilent_ui.o
      1080         36          0          1        392       5154   shoot_task.o
        36          8        392          0       1024        828   startup_stm32f407xx.o
       132          0          0          5          4       7304   stm32f4xx_hal.o
      1634          6          0          0          0      13087   stm32f4xx_hal_can.o
       204          0          0          0          0      10678   stm32f4xx_hal_cortex.o
      1066         12          0          0          0       9207   stm32f4xx_hal_dma.o
       436          0          0          0          0       5110   stm32f4xx_hal_gpio.o
        70          0          0          0          0       3348   stm32f4xx_hal_msp.o
      1420          0          0          0          0       7294   stm32f4xx_hal_rcc.o
      1064          0          0          0          0      38247   stm32f4xx_hal_tim.o
       188          0          0          0          0      14858   stm32f4xx_hal_tim_ex.o
       142          0          0          0         64       6687   stm32f4xx_hal_timebase_tim.o
      1886          0          0          0          0      17439   stm32f4xx_hal_uart.o
       306          0          0          0          0       2556   stm32f4xx_it.o
        26          0         24          4          0       2606   system_stm32f4xx.o
      3046          8          0          0        304      32773   tasks.o
       324          0          0          0        128       6830   tim.o
      1176         26          0          0        300      14438   timers.o
      1370          0          0          0        896       8692   usart.o
       244          0          0          0          0       3802   user_lib.o

    ----------------------------------------------------------------------
     38112        710       2836        128      25816     418631   Object Totals
         0          0         32          0          0          0   (incl. Generated)
       372          0          3          8         73          0   (incl. Padding)

    ----------------------------------------------------------------------

      Code (inc. data)   RO Data    RW Data    ZI Data      Debug   Library Member Name

       336         56          0          0          0        136   cosf.o
        38          0          0          0          0        116   fpclassifyf.o
        38         12          0          0          0        348   funder.o
       340         24         32          0          0        160   rredf.o
       400         56          0          0          0        212   sinf.o
         0          0          0          0          0          0   entry.o
         0          0          0          0          0          0   entry10a.o
         0          0          0          0          0          0   entry11a.o
         8          4          0          0          0          0   entry2.o
         4          0          0          0          0          0   entry5.o
         0          0          0          0          0          0   entry7b.o
         0          0          0          0          0          0   entry8b.o
         8          4          0          0          0          0   entry9a.o
        12          6          0          4          0         68   errno.o
        30          0          0          0          0          0   handlers.o
        36          8          0          0          0         68   init.o
         0          0          0          0          0          0   iusefp.o
        30          0          0          0          0         68   llshl.o
        36          0          0          0          0         68   llsshr.o
        32          0          0          0          0         68   llushr.o
        36          0          0          0          0         68   memcpya.o
        36          0          0          0          0        108   memseta.o
       472         14          0          0          0        184   printf3.o
        36          6          0          0          0         80   puts.o
         0          0          0          4          0          0   stdout.o
        44          0          0          0          0         80   uidiv.o
        98          0          0          0          0         92   uldiv.o
        56          0          0          0          0         88   d2f.o
       334          0          0          0          0        148   dadd.o
        54          0          0          0          0         80   dcmpge.o
        54          0          0          0          0         80   dcmple.o
       186          0          0          0          0        176   depilogue.o
        34          0          0          0          0         76   dflti.o
       228          0          0          0          0         96   dmul.o
        38          0          0          0          0         68   f2d.o
       110          0          0          0          0        168   fepilogue.o

    ----------------------------------------------------------------------
      3172        190         32          8          0       2904   Library Totals
         8          0          0          0          0          0   (incl. Padding)

    ----------------------------------------------------------------------

      Code (inc. data)   RO Data    RW Data    ZI Data      Debug   Library Name

      1152        148         32          0          0        972   m_wm.l
       918         42          0          8          0        952   mc_w.l
      1094          0          0          0          0        980   mf_w.l

    ----------------------------------------------------------------------
      3172        190         32          8          0       2904   Library Totals

    ----------------------------------------------------------------------

==============================================================================


      Code (inc. data)   RO Data    RW Data    ZI Data      Debug   

     41284        900       2868        136      25816     419387   Grand Totals
     41284        900       2868        136      25816     419387   ELF Image Totals
     41284        900       2868        136          0          0   ROM Totals

==============================================================================

    Total RO  Size (Code + RO Data)                44152 (  43.12kB)
    Total RW  Size (RW Data + ZI Data)             25952 (  25.34kB)
    Total ROM Size (Code + RO Data + RW Data)      44288 (  43.25kB)

==============================================================================

